Archive member included because of file (symbol)

f:/documents/educational (archieved)/studing/nti/sdk/sdk_win_64/winavr/bin/../lib/gcc/avr/4.3.3/avr5\libgcc.a(_exit.o)
                              f:/documents/educational (archieved)/studing/nti/sdk/sdk_win_64/winavr/bin/../lib/gcc/avr/4.3.3/../../../../avr/lib/avr5/crtm16.o (exit)
f:/documents/educational (archieved)/studing/nti/sdk/sdk_win_64/winavr/bin/../lib/gcc/avr/4.3.3/avr5\libgcc.a(_copy_data.o)
                              ./main.o (__do_copy_data)
f:/documents/educational (archieved)/studing/nti/sdk/sdk_win_64/winavr/bin/../lib/gcc/avr/4.3.3/avr5\libgcc.a(_clear_bss.o)
                              ./LCD_program.o (__do_clear_bss)
f:/documents/educational (archieved)/studing/nti/sdk/sdk_win_64/winavr/bin/../lib/gcc/avr/4.3.3/avr5\libgcc.a(_fixunssfsi.o)
                              ./LCD_program.o (__fixunssfsi)
f:/documents/educational (archieved)/studing/nti/sdk/sdk_win_64/winavr/bin/../lib/gcc/avr/4.3.3/avr5\libgcc.a(_addsub_sf.o)
                              f:/documents/educational (archieved)/studing/nti/sdk/sdk_win_64/winavr/bin/../lib/gcc/avr/4.3.3/avr5\libgcc.a(_fixunssfsi.o) (__subsf3)
f:/documents/educational (archieved)/studing/nti/sdk/sdk_win_64/winavr/bin/../lib/gcc/avr/4.3.3/avr5\libgcc.a(_mul_sf.o)
                              ./LCD_program.o (__mulsf3)
f:/documents/educational (archieved)/studing/nti/sdk/sdk_win_64/winavr/bin/../lib/gcc/avr/4.3.3/avr5\libgcc.a(_div_sf.o)
                              ./LCD_program.o (__divsf3)
f:/documents/educational (archieved)/studing/nti/sdk/sdk_win_64/winavr/bin/../lib/gcc/avr/4.3.3/avr5\libgcc.a(_gt_sf.o)
                              ./LCD_program.o (__gtsf2)
f:/documents/educational (archieved)/studing/nti/sdk/sdk_win_64/winavr/bin/../lib/gcc/avr/4.3.3/avr5\libgcc.a(_ge_sf.o)
                              f:/documents/educational (archieved)/studing/nti/sdk/sdk_win_64/winavr/bin/../lib/gcc/avr/4.3.3/avr5\libgcc.a(_fixunssfsi.o) (__gesf2)
f:/documents/educational (archieved)/studing/nti/sdk/sdk_win_64/winavr/bin/../lib/gcc/avr/4.3.3/avr5\libgcc.a(_lt_sf.o)
                              ./LCD_program.o (__ltsf2)
f:/documents/educational (archieved)/studing/nti/sdk/sdk_win_64/winavr/bin/../lib/gcc/avr/4.3.3/avr5\libgcc.a(_sf_to_si.o)
                              f:/documents/educational (archieved)/studing/nti/sdk/sdk_win_64/winavr/bin/../lib/gcc/avr/4.3.3/avr5\libgcc.a(_fixunssfsi.o) (__fixsfsi)
f:/documents/educational (archieved)/studing/nti/sdk/sdk_win_64/winavr/bin/../lib/gcc/avr/4.3.3/avr5\libgcc.a(_thenan_sf.o)
                              f:/documents/educational (archieved)/studing/nti/sdk/sdk_win_64/winavr/bin/../lib/gcc/avr/4.3.3/avr5\libgcc.a(_addsub_sf.o) (__thenan_sf)
f:/documents/educational (archieved)/studing/nti/sdk/sdk_win_64/winavr/bin/../lib/gcc/avr/4.3.3/avr5\libgcc.a(_prologue.o)
                              f:/documents/educational (archieved)/studing/nti/sdk/sdk_win_64/winavr/bin/../lib/gcc/avr/4.3.3/avr5\libgcc.a(_addsub_sf.o) (__prologue_saves__)
f:/documents/educational (archieved)/studing/nti/sdk/sdk_win_64/winavr/bin/../lib/gcc/avr/4.3.3/avr5\libgcc.a(_epilogue.o)
                              f:/documents/educational (archieved)/studing/nti/sdk/sdk_win_64/winavr/bin/../lib/gcc/avr/4.3.3/avr5\libgcc.a(_addsub_sf.o) (__epilogue_restores__)
f:/documents/educational (archieved)/studing/nti/sdk/sdk_win_64/winavr/bin/../lib/gcc/avr/4.3.3/avr5\libgcc.a(_pack_sf.o)
                              f:/documents/educational (archieved)/studing/nti/sdk/sdk_win_64/winavr/bin/../lib/gcc/avr/4.3.3/avr5\libgcc.a(_addsub_sf.o) (__pack_f)
f:/documents/educational (archieved)/studing/nti/sdk/sdk_win_64/winavr/bin/../lib/gcc/avr/4.3.3/avr5\libgcc.a(_unpack_sf.o)
                              f:/documents/educational (archieved)/studing/nti/sdk/sdk_win_64/winavr/bin/../lib/gcc/avr/4.3.3/avr5\libgcc.a(_addsub_sf.o) (__unpack_f)
f:/documents/educational (archieved)/studing/nti/sdk/sdk_win_64/winavr/bin/../lib/gcc/avr/4.3.3/avr5\libgcc.a(_fpcmp_parts_sf.o)
                              f:/documents/educational (archieved)/studing/nti/sdk/sdk_win_64/winavr/bin/../lib/gcc/avr/4.3.3/avr5\libgcc.a(_gt_sf.o) (__fpcmp_parts_f)
f:/documents/educational (archieved)/studing/nti/sdk/sdk_win_64/winavr/bin/../lib/gcc/avr/4.3.3/../../../../avr/lib/avr5\libc.a(sprintf.o)
                              ./main.o (sprintf)
f:/documents/educational (archieved)/studing/nti/sdk/sdk_win_64/winavr/bin/../lib/gcc/avr/4.3.3/../../../../avr/lib/avr5\libc.a(vfprintf_std.o)
                              f:/documents/educational (archieved)/studing/nti/sdk/sdk_win_64/winavr/bin/../lib/gcc/avr/4.3.3/../../../../avr/lib/avr5\libc.a(sprintf.o) (vfprintf)
f:/documents/educational (archieved)/studing/nti/sdk/sdk_win_64/winavr/bin/../lib/gcc/avr/4.3.3/../../../../avr/lib/avr5\libc.a(strnlen_P.o)
                              f:/documents/educational (archieved)/studing/nti/sdk/sdk_win_64/winavr/bin/../lib/gcc/avr/4.3.3/../../../../avr/lib/avr5\libc.a(vfprintf_std.o) (strnlen_P)
f:/documents/educational (archieved)/studing/nti/sdk/sdk_win_64/winavr/bin/../lib/gcc/avr/4.3.3/../../../../avr/lib/avr5\libc.a(strnlen.o)
                              f:/documents/educational (archieved)/studing/nti/sdk/sdk_win_64/winavr/bin/../lib/gcc/avr/4.3.3/../../../../avr/lib/avr5\libc.a(vfprintf_std.o) (strnlen)
f:/documents/educational (archieved)/studing/nti/sdk/sdk_win_64/winavr/bin/../lib/gcc/avr/4.3.3/../../../../avr/lib/avr5\libc.a(fputc.o)
                              f:/documents/educational (archieved)/studing/nti/sdk/sdk_win_64/winavr/bin/../lib/gcc/avr/4.3.3/../../../../avr/lib/avr5\libc.a(vfprintf_std.o) (fputc)
f:/documents/educational (archieved)/studing/nti/sdk/sdk_win_64/winavr/bin/../lib/gcc/avr/4.3.3/../../../../avr/lib/avr5\libc.a(ultoa_invert.o)
                              f:/documents/educational (archieved)/studing/nti/sdk/sdk_win_64/winavr/bin/../lib/gcc/avr/4.3.3/../../../../avr/lib/avr5\libc.a(vfprintf_std.o) (__ultoa_invert)

Allocating common symbols
Common symbol       size              file

Direction           0x1               ./main.o
Speed               0x1               ./main.o
Sorvo_C             0x1               ./main.o
TEMP                0x4               ./main.o
Sorvo_A             0x1               ./main.o
Sorvo_B             0x1               ./main.o
Door                0x1               ./main.o
SPEED               0x4               ./main.o
Instruction         0x1               ./main.o
Sorvo_D             0x1               ./main.o

Memory Configuration

Name             Origin             Length             Attributes
text             0x00000000         0x00020000         xr
data             0x00800060         0x0000ffa0         rw !x
eeprom           0x00810000         0x00010000         rw !x
fuse             0x00820000         0x00000400         rw !x
lock             0x00830000         0x00000400         rw !x
signature        0x00840000         0x00000400         rw !x
*default*        0x00000000         0xffffffff

Linker script and memory map

LOAD f:/documents/educational (archieved)/studing/nti/sdk/sdk_win_64/winavr/bin/../lib/gcc/avr/4.3.3/../../../../avr/lib/avr5/crtm16.o
LOAD ./DIO_program.o
LOAD ./GINT_program.o
LOAD ./LCD_program.o
LOAD ./SPI_program.o
LOAD ./USART_program.o
LOAD ./main.o
LOAD f:/documents/educational (archieved)/studing/nti/sdk/sdk_win_64/winavr/bin/../lib/gcc/avr/4.3.3/avr5\libgcc.a
LOAD f:/documents/educational (archieved)/studing/nti/sdk/sdk_win_64/winavr/bin/../lib/gcc/avr/4.3.3/../../../../avr/lib/avr5\libc.a
LOAD f:/documents/educational (archieved)/studing/nti/sdk/sdk_win_64/winavr/bin/../lib/gcc/avr/4.3.3/avr5\libgcc.a

.hash
 *(.hash)

.dynsym
 *(.dynsym)

.dynstr
 *(.dynstr)

.gnu.version
 *(.gnu.version)

.gnu.version_d
 *(.gnu.version_d)

.gnu.version_r
 *(.gnu.version_r)

.rel.init
 *(.rel.init)

.rela.init
 *(.rela.init)

.rel.text
 *(.rel.text)
 *(.rel.text.*)
 *(.rel.gnu.linkonce.t*)

.rela.text
 *(.rela.text)
 *(.rela.text.*)
 *(.rela.gnu.linkonce.t*)

.rel.fini
 *(.rel.fini)

.rela.fini
 *(.rela.fini)

.rel.rodata
 *(.rel.rodata)
 *(.rel.rodata.*)
 *(.rel.gnu.linkonce.r*)

.rela.rodata
 *(.rela.rodata)
 *(.rela.rodata.*)
 *(.rela.gnu.linkonce.r*)

.rel.data
 *(.rel.data)
 *(.rel.data.*)
 *(.rel.gnu.linkonce.d*)

.rela.data
 *(.rela.data)
 *(.rela.data.*)
 *(.rela.gnu.linkonce.d*)

.rel.ctors
 *(.rel.ctors)

.rela.ctors
 *(.rela.ctors)

.rel.dtors
 *(.rel.dtors)

.rela.dtors
 *(.rela.dtors)

.rel.got
 *(.rel.got)

.rela.got
 *(.rela.got)

.rel.bss
 *(.rel.bss)

.rela.bss
 *(.rela.bss)

.rel.plt
 *(.rel.plt)

.rela.plt
 *(.rela.plt)

.text           0x00000000     0x3c52
 *(.vectors)
 .vectors       0x00000000       0x54 f:/documents/educational (archieved)/studing/nti/sdk/sdk_win_64/winavr/bin/../lib/gcc/avr/4.3.3/../../../../avr/lib/avr5/crtm16.o
                0x00000000                __vectors
                0x00000000                __vector_default
 *(.vectors)
 *(.progmem.gcc*)
 *(.progmem*)
                0x00000054                . = ALIGN (0x2)
                0x00000054                __trampolines_start = .
 *(.trampolines)
 .trampolines   0x00000054        0x0 linker stubs
 *(.trampolines*)
                0x00000054                __trampolines_end = .
 *(.jumptables)
 *(.jumptables*)
 *(.lowtext)
 *(.lowtext*)
                0x00000054                __ctors_start = .
 *(.ctors)
                0x00000054                __ctors_end = .
                0x00000054                __dtors_start = .
 *(.dtors)
                0x00000054                __dtors_end = .
 SORT(*)(.ctors)
 SORT(*)(.dtors)
 *(.init0)
 .init0         0x00000054        0x0 f:/documents/educational (archieved)/studing/nti/sdk/sdk_win_64/winavr/bin/../lib/gcc/avr/4.3.3/../../../../avr/lib/avr5/crtm16.o
                0x00000054                __init
 *(.init0)
 *(.init1)
 *(.init1)
 *(.init2)
 .init2         0x00000054        0xc f:/documents/educational (archieved)/studing/nti/sdk/sdk_win_64/winavr/bin/../lib/gcc/avr/4.3.3/../../../../avr/lib/avr5/crtm16.o
 *(.init2)
 *(.init3)
 *(.init3)
 *(.init4)
 .init4         0x00000060       0x16 f:/documents/educational (archieved)/studing/nti/sdk/sdk_win_64/winavr/bin/../lib/gcc/avr/4.3.3/avr5\libgcc.a(_copy_data.o)
                0x00000060                __do_copy_data
 .init4         0x00000076       0x10 f:/documents/educational (archieved)/studing/nti/sdk/sdk_win_64/winavr/bin/../lib/gcc/avr/4.3.3/avr5\libgcc.a(_clear_bss.o)
                0x00000076                __do_clear_bss
 *(.init4)
 *(.init5)
 *(.init5)
 *(.init6)
 *(.init6)
 *(.init7)
 *(.init7)
 *(.init8)
 *(.init8)
 *(.init9)
 .init9         0x00000086        0x8 f:/documents/educational (archieved)/studing/nti/sdk/sdk_win_64/winavr/bin/../lib/gcc/avr/4.3.3/../../../../avr/lib/avr5/crtm16.o
 *(.init9)
 *(.text)
 .text          0x0000008e        0x4 f:/documents/educational (archieved)/studing/nti/sdk/sdk_win_64/winavr/bin/../lib/gcc/avr/4.3.3/../../../../avr/lib/avr5/crtm16.o
                0x0000008e                __vector_1
                0x0000008e                __vector_12
                0x0000008e                __bad_interrupt
                0x0000008e                __vector_6
                0x0000008e                __vector_3
                0x0000008e                __vector_11
                0x0000008e                __vector_17
                0x0000008e                __vector_19
                0x0000008e                __vector_7
                0x0000008e                __vector_5
                0x0000008e                __vector_4
                0x0000008e                __vector_9
                0x0000008e                __vector_2
                0x0000008e                __vector_8
                0x0000008e                __vector_10
                0x0000008e                __vector_16
                0x0000008e                __vector_18
                0x0000008e                __vector_20
 .text          0x00000092        0x0 ./DIO_program.o
 .text          0x00000092        0x0 ./GINT_program.o
 .text          0x00000092        0x0 ./LCD_program.o
 .text          0x00000092        0x0 ./SPI_program.o
 .text          0x00000092        0x0 ./USART_program.o
 .text          0x00000092        0x0 ./main.o
 .text          0x00000092        0x0 f:/documents/educational (archieved)/studing/nti/sdk/sdk_win_64/winavr/bin/../lib/gcc/avr/4.3.3/avr5\libgcc.a(_exit.o)
 .text          0x00000092        0x0 f:/documents/educational (archieved)/studing/nti/sdk/sdk_win_64/winavr/bin/../lib/gcc/avr/4.3.3/avr5\libgcc.a(_copy_data.o)
 .text          0x00000092        0x0 f:/documents/educational (archieved)/studing/nti/sdk/sdk_win_64/winavr/bin/../lib/gcc/avr/4.3.3/avr5\libgcc.a(_clear_bss.o)
 .text          0x00000092       0x58 f:/documents/educational (archieved)/studing/nti/sdk/sdk_win_64/winavr/bin/../lib/gcc/avr/4.3.3/avr5\libgcc.a(_fixunssfsi.o)
                0x00000092                __fixunssfsi
 .text          0x000000ea      0x354 f:/documents/educational (archieved)/studing/nti/sdk/sdk_win_64/winavr/bin/../lib/gcc/avr/4.3.3/avr5\libgcc.a(_addsub_sf.o)
                0x00000382                __subsf3
                0x000003e4                __addsf3
 .text          0x0000043e      0x1f4 f:/documents/educational (archieved)/studing/nti/sdk/sdk_win_64/winavr/bin/../lib/gcc/avr/4.3.3/avr5\libgcc.a(_mul_sf.o)
                0x0000043e                __mulsf3
 .text          0x00000632      0x158 f:/documents/educational (archieved)/studing/nti/sdk/sdk_win_64/winavr/bin/../lib/gcc/avr/4.3.3/avr5\libgcc.a(_div_sf.o)
                0x00000632                __divsf3
 .text          0x0000078a       0x60 f:/documents/educational (archieved)/studing/nti/sdk/sdk_win_64/winavr/bin/../lib/gcc/avr/4.3.3/avr5\libgcc.a(_gt_sf.o)
                0x0000078a                __gtsf2
 .text          0x000007ea       0x60 f:/documents/educational (archieved)/studing/nti/sdk/sdk_win_64/winavr/bin/../lib/gcc/avr/4.3.3/avr5\libgcc.a(_ge_sf.o)
                0x000007ea                __gesf2
 .text          0x0000084a       0x60 f:/documents/educational (archieved)/studing/nti/sdk/sdk_win_64/winavr/bin/../lib/gcc/avr/4.3.3/avr5\libgcc.a(_lt_sf.o)
                0x0000084a                __ltsf2
 .text          0x000008aa       0xa8 f:/documents/educational (archieved)/studing/nti/sdk/sdk_win_64/winavr/bin/../lib/gcc/avr/4.3.3/avr5\libgcc.a(_sf_to_si.o)
                0x000008aa                __fixsfsi
 .text          0x00000952        0x0 f:/documents/educational (archieved)/studing/nti/sdk/sdk_win_64/winavr/bin/../lib/gcc/avr/4.3.3/avr5\libgcc.a(_thenan_sf.o)
 .text          0x00000952        0x0 f:/documents/educational (archieved)/studing/nti/sdk/sdk_win_64/winavr/bin/../lib/gcc/avr/4.3.3/avr5\libgcc.a(_prologue.o)
 .text          0x00000952        0x0 f:/documents/educational (archieved)/studing/nti/sdk/sdk_win_64/winavr/bin/../lib/gcc/avr/4.3.3/avr5\libgcc.a(_epilogue.o)
 .text          0x00000952      0x1aa f:/documents/educational (archieved)/studing/nti/sdk/sdk_win_64/winavr/bin/../lib/gcc/avr/4.3.3/avr5\libgcc.a(_pack_sf.o)
                0x00000952                __pack_f
 .text          0x00000afc       0xf0 f:/documents/educational (archieved)/studing/nti/sdk/sdk_win_64/winavr/bin/../lib/gcc/avr/4.3.3/avr5\libgcc.a(_unpack_sf.o)
                0x00000afc                __unpack_f
 .text          0x00000bec       0xb2 f:/documents/educational (archieved)/studing/nti/sdk/sdk_win_64/winavr/bin/../lib/gcc/avr/4.3.3/avr5\libgcc.a(_fpcmp_parts_sf.o)
                0x00000bec                __fpcmp_parts_f
 .text          0x00000c9e        0x0 f:/documents/educational (archieved)/studing/nti/sdk/sdk_win_64/winavr/bin/../lib/gcc/avr/4.3.3/../../../../avr/lib/avr5\libc.a(sprintf.o)
 .text          0x00000c9e        0x0 f:/documents/educational (archieved)/studing/nti/sdk/sdk_win_64/winavr/bin/../lib/gcc/avr/4.3.3/../../../../avr/lib/avr5\libc.a(vfprintf_std.o)
 .text          0x00000c9e        0x0 f:/documents/educational (archieved)/studing/nti/sdk/sdk_win_64/winavr/bin/../lib/gcc/avr/4.3.3/../../../../avr/lib/avr5\libc.a(strnlen_P.o)
 .text          0x00000c9e        0x0 f:/documents/educational (archieved)/studing/nti/sdk/sdk_win_64/winavr/bin/../lib/gcc/avr/4.3.3/../../../../avr/lib/avr5\libc.a(strnlen.o)
 .text          0x00000c9e        0x0 f:/documents/educational (archieved)/studing/nti/sdk/sdk_win_64/winavr/bin/../lib/gcc/avr/4.3.3/../../../../avr/lib/avr5\libc.a(fputc.o)
 .text          0x00000c9e        0x0 f:/documents/educational (archieved)/studing/nti/sdk/sdk_win_64/winavr/bin/../lib/gcc/avr/4.3.3/../../../../avr/lib/avr5\libc.a(ultoa_invert.o)
                0x00000c9e                . = ALIGN (0x2)
 *(.text.*)
 .text.MCAL_DIO_voidSetPinMode
                0x00000c9e      0x32e ./DIO_program.o
                0x00000c9e                MCAL_DIO_voidSetPinMode
 .text.MCAL_DIO_voidWritePin
                0x00000fcc      0x1d6 ./DIO_program.o
                0x00000fcc                MCAL_DIO_voidWritePin
 .text.MCAL_DIO_u8ReadPin
                0x000011a2      0x116 ./DIO_program.o
                0x000011a2                MCAL_DIO_u8ReadPin
 .text.MCAL_DIO_voidWriteWord
                0x000012b8       0x88 ./DIO_program.o
                0x000012b8                MCAL_DIO_voidWriteWord
 .text.MCAL_DIO_u8WordRead
                0x00001340       0x96 ./DIO_program.o
                0x00001340                MCAL_DIO_u8WordRead
 .text.MCAL_DIO_voidTogglePin
                0x000013d6      0x10a ./DIO_program.o
                0x000013d6                MCAL_DIO_voidTogglePin
 .text.MCAL_DIO_voidTogglePort
                0x000014e0       0x9e ./DIO_program.o
                0x000014e0                MCAL_DIO_voidTogglePort
 .text.MCAL_GINT_SetGIE
                0x0000157e       0x1c ./GINT_program.o
                0x0000157e                MCAL_GINT_SetGIE
 .text.MCAL_GINT_ClearGIE
                0x0000159a       0x1c ./GINT_program.o
                0x0000159a                MCAL_GINT_ClearGIE
 .text.HAL_LCD_Init
                0x000015b6      0x5da ./LCD_program.o
                0x000015b6                HAL_LCD_Init
 .text.HAL_LCD_SendCommand
                0x00001b90      0x4e2 ./LCD_program.o
                0x00001b90                HAL_LCD_SendCommand
 .text.HAL_LCD_WriteData
                0x00002072      0x4d8 ./LCD_program.o
                0x00002072                HAL_LCD_WriteData
 .text.HAL_LCD_WriteString
                0x0000254a       0x88 ./LCD_program.o
                0x0000254a                HAL_LCD_WriteString
 .text.HAL_LCD_ChangePos
                0x000025d2       0x8e ./LCD_program.o
                0x000025d2                HAL_LCD_ChangePos
 .text.HAL_LCD_AddPattern
                0x00002660      0x164 ./LCD_program.o
                0x00002660                HAL_LCD_AddPattern
 .text.MCAL_SPI_MasterInit
                0x000027c4      0x15c ./SPI_program.o
                0x000027c4                MCAL_SPI_MasterInit
 .text.MCAL_SPI_SlaveInit
                0x00002920       0x40 ./SPI_program.o
                0x00002920                MCAL_SPI_SlaveInit
 .text.MCAL_SPI_MasterTransmit
                0x00002960       0x28 ./SPI_program.o
                0x00002960                MCAL_SPI_MasterTransmit
 .text.MCAL_SPI_SlaveReceive
                0x00002988       0x20 ./SPI_program.o
                0x00002988                MCAL_SPI_SlaveReceive
 .text.MCAL_USART_Init
                0x000029a8      0x10c ./USART_program.o
                0x000029a8                MCAL_USART_Init
 .text.MCAL_USART_Transmit_PollingMode
                0x00002ab4       0x72 ./USART_program.o
                0x00002ab4                MCAL_USART_Transmit_PollingMode
 .text.MCAL_USART_Receive_PollingMode
                0x00002b26       0x68 ./USART_program.o
                0x00002b26                MCAL_USART_Receive_PollingMode
 .text.MCAL_USART_Transmit_InterruptMode
                0x00002b8e       0x66 ./USART_program.o
                0x00002b8e                MCAL_USART_Transmit_InterruptMode
 .text.MCAL_USART_Receive_InterruptMode
                0x00002bf4       0x40 ./USART_program.o
                0x00002bf4                MCAL_USART_Receive_InterruptMode
 .text.MCAL_USART_ReadUDR
                0x00002c34       0x3a ./USART_program.o
                0x00002c34                MCAL_USART_ReadUDR
 .text.__vector_15
                0x00002c6e       0x66 ./USART_program.o
                0x00002c6e                __vector_15
 .text.__vector_14
                0x00002cd4       0x66 ./USART_program.o
                0x00002cd4                __vector_14
 .text.__vector_13
                0x00002d3a       0x66 ./USART_program.o
                0x00002d3a                __vector_13
 .text.main     0x00002da0       0x5e ./main.o
                0x00002da0                main
 .text.InitializeSystem
                0x00002dfe       0x42 ./main.o
                0x00002dfe                InitializeSystem
 .text.USART_SendString
                0x00002e40       0x56 ./main.o
                0x00002e40                USART_SendString
 .text.UpdateStatus
                0x00002e96      0x278 ./main.o
                0x00002e96                UpdateStatus
 .text.GetInstruction
                0x0000310e      0x578 ./main.o
                0x0000310e                GetInstruction
 .text.UpdateGetInstructionFlag
                0x00003686       0x18 ./main.o
                0x00003686                UpdateGetInstructionFlag
 .text.libgcc   0x0000369e        0x0 f:/documents/educational (archieved)/studing/nti/sdk/sdk_win_64/winavr/bin/../lib/gcc/avr/4.3.3/avr5\libgcc.a(_exit.o)
 .text.libgcc   0x0000369e        0x0 f:/documents/educational (archieved)/studing/nti/sdk/sdk_win_64/winavr/bin/../lib/gcc/avr/4.3.3/avr5\libgcc.a(_copy_data.o)
 .text.libgcc   0x0000369e        0x0 f:/documents/educational (archieved)/studing/nti/sdk/sdk_win_64/winavr/bin/../lib/gcc/avr/4.3.3/avr5\libgcc.a(_clear_bss.o)
 .text.libgcc   0x0000369e       0x38 f:/documents/educational (archieved)/studing/nti/sdk/sdk_win_64/winavr/bin/../lib/gcc/avr/4.3.3/avr5\libgcc.a(_prologue.o)
                0x0000369e                __prologue_saves__
 .text.libgcc   0x000036d6       0x36 f:/documents/educational (archieved)/studing/nti/sdk/sdk_win_64/winavr/bin/../lib/gcc/avr/4.3.3/avr5\libgcc.a(_epilogue.o)
                0x000036d6                __epilogue_restores__
 .text.avr-libc
                0x0000370c       0x48 f:/documents/educational (archieved)/studing/nti/sdk/sdk_win_64/winavr/bin/../lib/gcc/avr/4.3.3/../../../../avr/lib/avr5\libc.a(sprintf.o)
                0x0000370c                sprintf
 .text.avr-libc
                0x00003754      0x3ba f:/documents/educational (archieved)/studing/nti/sdk/sdk_win_64/winavr/bin/../lib/gcc/avr/4.3.3/../../../../avr/lib/avr5\libc.a(vfprintf_std.o)
                0x00003754                vfprintf
 .text.avr-libc
                0x00003b0e       0x16 f:/documents/educational (archieved)/studing/nti/sdk/sdk_win_64/winavr/bin/../lib/gcc/avr/4.3.3/../../../../avr/lib/avr5\libc.a(strnlen_P.o)
                0x00003b0e                strnlen_P
 .text.avr-libc
                0x00003b24       0x16 f:/documents/educational (archieved)/studing/nti/sdk/sdk_win_64/winavr/bin/../lib/gcc/avr/4.3.3/../../../../avr/lib/avr5\libc.a(strnlen.o)
                0x00003b24                strnlen
 .text.avr-libc
                0x00003b3a       0x58 f:/documents/educational (archieved)/studing/nti/sdk/sdk_win_64/winavr/bin/../lib/gcc/avr/4.3.3/../../../../avr/lib/avr5\libc.a(fputc.o)
                0x00003b3a                fputc
 .text.avr-libc
                0x00003b92       0xbc f:/documents/educational (archieved)/studing/nti/sdk/sdk_win_64/winavr/bin/../lib/gcc/avr/4.3.3/../../../../avr/lib/avr5\libc.a(ultoa_invert.o)
                0x00003b92                __ultoa_invert
                0x00003c4e                . = ALIGN (0x2)
 *(.fini9)
 .fini9         0x00003c4e        0x0 f:/documents/educational (archieved)/studing/nti/sdk/sdk_win_64/winavr/bin/../lib/gcc/avr/4.3.3/avr5\libgcc.a(_exit.o)
                0x00003c4e                exit
                0x00003c4e                _exit
 *(.fini9)
 *(.fini8)
 *(.fini8)
 *(.fini7)
 *(.fini7)
 *(.fini6)
 *(.fini6)
 *(.fini5)
 *(.fini5)
 *(.fini4)
 *(.fini4)
 *(.fini3)
 *(.fini3)
 *(.fini2)
 *(.fini2)
 *(.fini1)
 *(.fini1)
 *(.fini0)
 .fini0         0x00003c4e        0x4 f:/documents/educational (archieved)/studing/nti/sdk/sdk_win_64/winavr/bin/../lib/gcc/avr/4.3.3/avr5\libgcc.a(_exit.o)
 *(.fini0)
                0x00003c52                _etext = .

.data           0x00800060      0x270 load address 0x00003c52
                0x00800060                PROVIDE (__data_start, .)
 *(.data)
 .data          0x00800060        0x0 f:/documents/educational (archieved)/studing/nti/sdk/sdk_win_64/winavr/bin/../lib/gcc/avr/4.3.3/../../../../avr/lib/avr5/crtm16.o
 .data          0x00800060        0x0 ./DIO_program.o
 .data          0x00800060        0x0 ./GINT_program.o
 .data          0x00800060        0x0 ./LCD_program.o
 .data          0x00800060        0x0 ./SPI_program.o
 .data          0x00800060        0x0 ./USART_program.o
 .data          0x00800060      0x190 ./main.o
 .data          0x008001f0        0x0 f:/documents/educational (archieved)/studing/nti/sdk/sdk_win_64/winavr/bin/../lib/gcc/avr/4.3.3/avr5\libgcc.a(_exit.o)
 .data          0x008001f0        0x0 f:/documents/educational (archieved)/studing/nti/sdk/sdk_win_64/winavr/bin/../lib/gcc/avr/4.3.3/avr5\libgcc.a(_copy_data.o)
 .data          0x008001f0        0x0 f:/documents/educational (archieved)/studing/nti/sdk/sdk_win_64/winavr/bin/../lib/gcc/avr/4.3.3/avr5\libgcc.a(_clear_bss.o)
 .data          0x008001f0        0x0 f:/documents/educational (archieved)/studing/nti/sdk/sdk_win_64/winavr/bin/../lib/gcc/avr/4.3.3/avr5\libgcc.a(_fixunssfsi.o)
 .data          0x008001f0        0x0 f:/documents/educational (archieved)/studing/nti/sdk/sdk_win_64/winavr/bin/../lib/gcc/avr/4.3.3/avr5\libgcc.a(_addsub_sf.o)
 .data          0x008001f0        0x0 f:/documents/educational (archieved)/studing/nti/sdk/sdk_win_64/winavr/bin/../lib/gcc/avr/4.3.3/avr5\libgcc.a(_mul_sf.o)
 .data          0x008001f0        0x0 f:/documents/educational (archieved)/studing/nti/sdk/sdk_win_64/winavr/bin/../lib/gcc/avr/4.3.3/avr5\libgcc.a(_div_sf.o)
 .data          0x008001f0        0x0 f:/documents/educational (archieved)/studing/nti/sdk/sdk_win_64/winavr/bin/../lib/gcc/avr/4.3.3/avr5\libgcc.a(_gt_sf.o)
 .data          0x008001f0        0x0 f:/documents/educational (archieved)/studing/nti/sdk/sdk_win_64/winavr/bin/../lib/gcc/avr/4.3.3/avr5\libgcc.a(_ge_sf.o)
 .data          0x008001f0        0x0 f:/documents/educational (archieved)/studing/nti/sdk/sdk_win_64/winavr/bin/../lib/gcc/avr/4.3.3/avr5\libgcc.a(_lt_sf.o)
 .data          0x008001f0        0x0 f:/documents/educational (archieved)/studing/nti/sdk/sdk_win_64/winavr/bin/../lib/gcc/avr/4.3.3/avr5\libgcc.a(_sf_to_si.o)
 .data          0x008001f0        0x8 f:/documents/educational (archieved)/studing/nti/sdk/sdk_win_64/winavr/bin/../lib/gcc/avr/4.3.3/avr5\libgcc.a(_thenan_sf.o)
                0x008001f0                __thenan_sf
 .data          0x008001f8        0x0 f:/documents/educational (archieved)/studing/nti/sdk/sdk_win_64/winavr/bin/../lib/gcc/avr/4.3.3/avr5\libgcc.a(_prologue.o)
 .data          0x008001f8        0x0 f:/documents/educational (archieved)/studing/nti/sdk/sdk_win_64/winavr/bin/../lib/gcc/avr/4.3.3/avr5\libgcc.a(_epilogue.o)
 .data          0x008001f8        0x0 f:/documents/educational (archieved)/studing/nti/sdk/sdk_win_64/winavr/bin/../lib/gcc/avr/4.3.3/avr5\libgcc.a(_pack_sf.o)
 .data          0x008001f8        0x0 f:/documents/educational (archieved)/studing/nti/sdk/sdk_win_64/winavr/bin/../lib/gcc/avr/4.3.3/avr5\libgcc.a(_unpack_sf.o)
 .data          0x008001f8        0x0 f:/documents/educational (archieved)/studing/nti/sdk/sdk_win_64/winavr/bin/../lib/gcc/avr/4.3.3/avr5\libgcc.a(_fpcmp_parts_sf.o)
 .data          0x008001f8        0x0 f:/documents/educational (archieved)/studing/nti/sdk/sdk_win_64/winavr/bin/../lib/gcc/avr/4.3.3/../../../../avr/lib/avr5\libc.a(sprintf.o)
 .data          0x008001f8        0x0 f:/documents/educational (archieved)/studing/nti/sdk/sdk_win_64/winavr/bin/../lib/gcc/avr/4.3.3/../../../../avr/lib/avr5\libc.a(vfprintf_std.o)
 .data          0x008001f8        0x0 f:/documents/educational (archieved)/studing/nti/sdk/sdk_win_64/winavr/bin/../lib/gcc/avr/4.3.3/../../../../avr/lib/avr5\libc.a(strnlen_P.o)
 .data          0x008001f8        0x0 f:/documents/educational (archieved)/studing/nti/sdk/sdk_win_64/winavr/bin/../lib/gcc/avr/4.3.3/../../../../avr/lib/avr5\libc.a(strnlen.o)
 .data          0x008001f8        0x0 f:/documents/educational (archieved)/studing/nti/sdk/sdk_win_64/winavr/bin/../lib/gcc/avr/4.3.3/../../../../avr/lib/avr5\libc.a(fputc.o)
 .data          0x008001f8        0x0 f:/documents/educational (archieved)/studing/nti/sdk/sdk_win_64/winavr/bin/../lib/gcc/avr/4.3.3/../../../../avr/lib/avr5\libc.a(ultoa_invert.o)
 *(.data*)
 .data.Motor_Status
                0x008001f8        0x1 ./main.o
                0x008001f8                Motor_Status
 .data.Temperature
                0x008001f9        0x2 ./main.o
                0x008001f9                Temperature
 .data.A_State  0x008001fb        0x1 ./main.o
                0x008001fb                A_State
 .data.B_State  0x008001fc        0x1 ./main.o
                0x008001fc                B_State
 .data.C_State  0x008001fd        0x1 ./main.o
                0x008001fd                C_State
 .data.D_State  0x008001fe        0x1 ./main.o
                0x008001fe                D_State
 .data.message  0x008001ff       0xd0 ./main.o
                0x008001ff                message
 .data.UpdateStatus_flag
                0x008002cf        0x1 ./main.o
                0x008002cf                UpdateStatus_flag
 *(.rodata)
 *(.rodata*)
 *(.gnu.linkonce.d*)
                0x008002d0                . = ALIGN (0x2)
                0x008002d0                _edata = .
                0x008002d0                PROVIDE (__data_end, .)

.bss            0x008002d0       0x19
                0x008002d0                PROVIDE (__bss_start, .)
 *(.bss)
 .bss           0x008002d0        0x0 f:/documents/educational (archieved)/studing/nti/sdk/sdk_win_64/winavr/bin/../lib/gcc/avr/4.3.3/../../../../avr/lib/avr5/crtm16.o
 .bss           0x008002d0        0x0 ./DIO_program.o
 .bss           0x008002d0        0x0 ./GINT_program.o
 .bss           0x008002d0        0x0 ./LCD_program.o
 .bss           0x008002d0        0x0 ./SPI_program.o
 .bss           0x008002d0        0x0 ./USART_program.o
 .bss           0x008002d0        0x0 ./main.o
 .bss           0x008002d0        0x0 f:/documents/educational (archieved)/studing/nti/sdk/sdk_win_64/winavr/bin/../lib/gcc/avr/4.3.3/avr5\libgcc.a(_exit.o)
 .bss           0x008002d0        0x0 f:/documents/educational (archieved)/studing/nti/sdk/sdk_win_64/winavr/bin/../lib/gcc/avr/4.3.3/avr5\libgcc.a(_copy_data.o)
 .bss           0x008002d0        0x0 f:/documents/educational (archieved)/studing/nti/sdk/sdk_win_64/winavr/bin/../lib/gcc/avr/4.3.3/avr5\libgcc.a(_clear_bss.o)
 .bss           0x008002d0        0x0 f:/documents/educational (archieved)/studing/nti/sdk/sdk_win_64/winavr/bin/../lib/gcc/avr/4.3.3/avr5\libgcc.a(_fixunssfsi.o)
 .bss           0x008002d0        0x0 f:/documents/educational (archieved)/studing/nti/sdk/sdk_win_64/winavr/bin/../lib/gcc/avr/4.3.3/avr5\libgcc.a(_addsub_sf.o)
 .bss           0x008002d0        0x0 f:/documents/educational (archieved)/studing/nti/sdk/sdk_win_64/winavr/bin/../lib/gcc/avr/4.3.3/avr5\libgcc.a(_mul_sf.o)
 .bss           0x008002d0        0x0 f:/documents/educational (archieved)/studing/nti/sdk/sdk_win_64/winavr/bin/../lib/gcc/avr/4.3.3/avr5\libgcc.a(_div_sf.o)
 .bss           0x008002d0        0x0 f:/documents/educational (archieved)/studing/nti/sdk/sdk_win_64/winavr/bin/../lib/gcc/avr/4.3.3/avr5\libgcc.a(_gt_sf.o)
 .bss           0x008002d0        0x0 f:/documents/educational (archieved)/studing/nti/sdk/sdk_win_64/winavr/bin/../lib/gcc/avr/4.3.3/avr5\libgcc.a(_ge_sf.o)
 .bss           0x008002d0        0x0 f:/documents/educational (archieved)/studing/nti/sdk/sdk_win_64/winavr/bin/../lib/gcc/avr/4.3.3/avr5\libgcc.a(_lt_sf.o)
 .bss           0x008002d0        0x0 f:/documents/educational (archieved)/studing/nti/sdk/sdk_win_64/winavr/bin/../lib/gcc/avr/4.3.3/avr5\libgcc.a(_sf_to_si.o)
 .bss           0x008002d0        0x0 f:/documents/educational (archieved)/studing/nti/sdk/sdk_win_64/winavr/bin/../lib/gcc/avr/4.3.3/avr5\libgcc.a(_thenan_sf.o)
 .bss           0x008002d0        0x0 f:/documents/educational (archieved)/studing/nti/sdk/sdk_win_64/winavr/bin/../lib/gcc/avr/4.3.3/avr5\libgcc.a(_prologue.o)
 .bss           0x008002d0        0x0 f:/documents/educational (archieved)/studing/nti/sdk/sdk_win_64/winavr/bin/../lib/gcc/avr/4.3.3/avr5\libgcc.a(_epilogue.o)
 .bss           0x008002d0        0x0 f:/documents/educational (archieved)/studing/nti/sdk/sdk_win_64/winavr/bin/../lib/gcc/avr/4.3.3/avr5\libgcc.a(_pack_sf.o)
 .bss           0x008002d0        0x0 f:/documents/educational (archieved)/studing/nti/sdk/sdk_win_64/winavr/bin/../lib/gcc/avr/4.3.3/avr5\libgcc.a(_unpack_sf.o)
 .bss           0x008002d0        0x0 f:/documents/educational (archieved)/studing/nti/sdk/sdk_win_64/winavr/bin/../lib/gcc/avr/4.3.3/avr5\libgcc.a(_fpcmp_parts_sf.o)
 .bss           0x008002d0        0x0 f:/documents/educational (archieved)/studing/nti/sdk/sdk_win_64/winavr/bin/../lib/gcc/avr/4.3.3/../../../../avr/lib/avr5\libc.a(sprintf.o)
 .bss           0x008002d0        0x0 f:/documents/educational (archieved)/studing/nti/sdk/sdk_win_64/winavr/bin/../lib/gcc/avr/4.3.3/../../../../avr/lib/avr5\libc.a(vfprintf_std.o)
 .bss           0x008002d0        0x0 f:/documents/educational (archieved)/studing/nti/sdk/sdk_win_64/winavr/bin/../lib/gcc/avr/4.3.3/../../../../avr/lib/avr5\libc.a(strnlen_P.o)
 .bss           0x008002d0        0x0 f:/documents/educational (archieved)/studing/nti/sdk/sdk_win_64/winavr/bin/../lib/gcc/avr/4.3.3/../../../../avr/lib/avr5\libc.a(strnlen.o)
 .bss           0x008002d0        0x0 f:/documents/educational (archieved)/studing/nti/sdk/sdk_win_64/winavr/bin/../lib/gcc/avr/4.3.3/../../../../avr/lib/avr5\libc.a(fputc.o)
 .bss           0x008002d0        0x0 f:/documents/educational (archieved)/studing/nti/sdk/sdk_win_64/winavr/bin/../lib/gcc/avr/4.3.3/../../../../avr/lib/avr5\libc.a(ultoa_invert.o)
 *(.bss*)
 .bss.InitFinished
                0x008002d0        0x1 ./LCD_program.o
 .bss.TXC_ISR   0x008002d1        0x2 ./USART_program.o
                0x008002d1                TXC_ISR
 .bss.RXC_ISR   0x008002d3        0x2 ./USART_program.o
                0x008002d3                RXC_ISR
 .bss.UDRE_ISR  0x008002d5        0x2 ./USART_program.o
                0x008002d5                UDRE_ISR
 .bss.GetInstruction_flag
                0x008002d7        0x1 ./main.o
                0x008002d7                GetInstruction_flag
 .bss.WaitingForInstruction_flag
                0x008002d8        0x1 ./main.o
                0x008002d8                WaitingForInstruction_flag
 *(COMMON)
 COMMON         0x008002d9       0x10 ./main.o
                0x008002d9                Direction
                0x008002da                Speed
                0x008002db                Sorvo_C
                0x008002dc                TEMP
                0x008002e0                Sorvo_A
                0x008002e1                Sorvo_B
                0x008002e2                Door
                0x008002e3                SPEED
                0x008002e7                Instruction
                0x008002e8                Sorvo_D
                0x008002e9                PROVIDE (__bss_end, .)
                0x00003c52                __data_load_start = LOADADDR (.data)
                0x00003ec2                __data_load_end = (__data_load_start + SIZEOF (.data))

.noinit         0x008002e9        0x0
                0x008002e9                PROVIDE (__noinit_start, .)
 *(.noinit*)
                0x008002e9                PROVIDE (__noinit_end, .)
                0x008002e9                _end = .
                0x008002e9                PROVIDE (__heap_start, .)

.eeprom         0x00810000        0x0
 *(.eeprom*)
                0x00810000                __eeprom_end = .

.fuse
 *(.fuse)
 *(.lfuse)
 *(.hfuse)
 *(.efuse)

.lock
 *(.lock*)

.signature
 *(.signature*)

.stab           0x00000000     0x2ff4
 *(.stab)
 .stab          0x00000000      0x78c ./DIO_program.o
 .stab          0x0000078c      0x144 ./GINT_program.o
                                0x1bc (size before relaxing)
 .stab          0x000008d0     0x11b8 ./LCD_program.o
                               0x129c (size before relaxing)
 .stab          0x00001a88      0x378 ./SPI_program.o
                                0x5e8 (size before relaxing)
 .stab          0x00001e00      0x594 ./USART_program.o
                                0x60c (size before relaxing)
 .stab          0x00002394      0xc60 ./main.o
                                0xf00 (size before relaxing)

.stabstr        0x00000000     0x149d
 *(.stabstr)
 .stabstr       0x00000000     0x149d ./DIO_program.o

.stab.excl
 *(.stab.excl)

.stab.exclstr
 *(.stab.exclstr)

.stab.index
 *(.stab.index)

.stab.indexstr
 *(.stab.indexstr)

.comment
 *(.comment)

.debug
 *(.debug)

.line
 *(.line)

.debug_srcinfo
 *(.debug_srcinfo)

.debug_sfnames
 *(.debug_sfnames)

.debug_aranges  0x00000000      0x160
 *(.debug_aranges)
 .debug_aranges
                0x00000000       0x20 f:/documents/educational (archieved)/studing/nti/sdk/sdk_win_64/winavr/bin/../lib/gcc/avr/4.3.3/avr5\libgcc.a(_fixunssfsi.o)
 .debug_aranges
                0x00000020       0x20 f:/documents/educational (archieved)/studing/nti/sdk/sdk_win_64/winavr/bin/../lib/gcc/avr/4.3.3/avr5\libgcc.a(_addsub_sf.o)
 .debug_aranges
                0x00000040       0x20 f:/documents/educational (archieved)/studing/nti/sdk/sdk_win_64/winavr/bin/../lib/gcc/avr/4.3.3/avr5\libgcc.a(_mul_sf.o)
 .debug_aranges
                0x00000060       0x20 f:/documents/educational (archieved)/studing/nti/sdk/sdk_win_64/winavr/bin/../lib/gcc/avr/4.3.3/avr5\libgcc.a(_div_sf.o)
 .debug_aranges
                0x00000080       0x20 f:/documents/educational (archieved)/studing/nti/sdk/sdk_win_64/winavr/bin/../lib/gcc/avr/4.3.3/avr5\libgcc.a(_gt_sf.o)
 .debug_aranges
                0x000000a0       0x20 f:/documents/educational (archieved)/studing/nti/sdk/sdk_win_64/winavr/bin/../lib/gcc/avr/4.3.3/avr5\libgcc.a(_ge_sf.o)
 .debug_aranges
                0x000000c0       0x20 f:/documents/educational (archieved)/studing/nti/sdk/sdk_win_64/winavr/bin/../lib/gcc/avr/4.3.3/avr5\libgcc.a(_lt_sf.o)
 .debug_aranges
                0x000000e0       0x20 f:/documents/educational (archieved)/studing/nti/sdk/sdk_win_64/winavr/bin/../lib/gcc/avr/4.3.3/avr5\libgcc.a(_sf_to_si.o)
 .debug_aranges
                0x00000100       0x20 f:/documents/educational (archieved)/studing/nti/sdk/sdk_win_64/winavr/bin/../lib/gcc/avr/4.3.3/avr5\libgcc.a(_pack_sf.o)
 .debug_aranges
                0x00000120       0x20 f:/documents/educational (archieved)/studing/nti/sdk/sdk_win_64/winavr/bin/../lib/gcc/avr/4.3.3/avr5\libgcc.a(_unpack_sf.o)
 .debug_aranges
                0x00000140       0x20 f:/documents/educational (archieved)/studing/nti/sdk/sdk_win_64/winavr/bin/../lib/gcc/avr/4.3.3/avr5\libgcc.a(_fpcmp_parts_sf.o)

.debug_pubnames
                0x00000000      0x18f
 *(.debug_pubnames)
 .debug_pubnames
                0x00000000       0x23 f:/documents/educational (archieved)/studing/nti/sdk/sdk_win_64/winavr/bin/../lib/gcc/avr/4.3.3/avr5\libgcc.a(_fixunssfsi.o)
 .debug_pubnames
                0x00000023       0x2c f:/documents/educational (archieved)/studing/nti/sdk/sdk_win_64/winavr/bin/../lib/gcc/avr/4.3.3/avr5\libgcc.a(_addsub_sf.o)
 .debug_pubnames
                0x0000004f       0x1f f:/documents/educational (archieved)/studing/nti/sdk/sdk_win_64/winavr/bin/../lib/gcc/avr/4.3.3/avr5\libgcc.a(_mul_sf.o)
 .debug_pubnames
                0x0000006e       0x1f f:/documents/educational (archieved)/studing/nti/sdk/sdk_win_64/winavr/bin/../lib/gcc/avr/4.3.3/avr5\libgcc.a(_div_sf.o)
 .debug_pubnames
                0x0000008d       0x1e f:/documents/educational (archieved)/studing/nti/sdk/sdk_win_64/winavr/bin/../lib/gcc/avr/4.3.3/avr5\libgcc.a(_gt_sf.o)
 .debug_pubnames
                0x000000ab       0x1e f:/documents/educational (archieved)/studing/nti/sdk/sdk_win_64/winavr/bin/../lib/gcc/avr/4.3.3/avr5\libgcc.a(_ge_sf.o)
 .debug_pubnames
                0x000000c9       0x1e f:/documents/educational (archieved)/studing/nti/sdk/sdk_win_64/winavr/bin/../lib/gcc/avr/4.3.3/avr5\libgcc.a(_lt_sf.o)
 .debug_pubnames
                0x000000e7       0x20 f:/documents/educational (archieved)/studing/nti/sdk/sdk_win_64/winavr/bin/../lib/gcc/avr/4.3.3/avr5\libgcc.a(_sf_to_si.o)
 .debug_pubnames
                0x00000107       0x22 f:/documents/educational (archieved)/studing/nti/sdk/sdk_win_64/winavr/bin/../lib/gcc/avr/4.3.3/avr5\libgcc.a(_thenan_sf.o)
 .debug_pubnames
                0x00000129       0x1f f:/documents/educational (archieved)/studing/nti/sdk/sdk_win_64/winavr/bin/../lib/gcc/avr/4.3.3/avr5\libgcc.a(_pack_sf.o)
 .debug_pubnames
                0x00000148       0x21 f:/documents/educational (archieved)/studing/nti/sdk/sdk_win_64/winavr/bin/../lib/gcc/avr/4.3.3/avr5\libgcc.a(_unpack_sf.o)
 .debug_pubnames
                0x00000169       0x26 f:/documents/educational (archieved)/studing/nti/sdk/sdk_win_64/winavr/bin/../lib/gcc/avr/4.3.3/avr5\libgcc.a(_fpcmp_parts_sf.o)

.debug_info     0x00000000     0x2045
 *(.debug_info)
 .debug_info    0x00000000       0xb1 f:/documents/educational (archieved)/studing/nti/sdk/sdk_win_64/winavr/bin/../lib/gcc/avr/4.3.3/avr5\libgcc.a(_fixunssfsi.o)
 .debug_info    0x000000b1      0x47a f:/documents/educational (archieved)/studing/nti/sdk/sdk_win_64/winavr/bin/../lib/gcc/avr/4.3.3/avr5\libgcc.a(_addsub_sf.o)
 .debug_info    0x0000052b      0x485 f:/documents/educational (archieved)/studing/nti/sdk/sdk_win_64/winavr/bin/../lib/gcc/avr/4.3.3/avr5\libgcc.a(_mul_sf.o)
 .debug_info    0x000009b0      0x3fc f:/documents/educational (archieved)/studing/nti/sdk/sdk_win_64/winavr/bin/../lib/gcc/avr/4.3.3/avr5\libgcc.a(_div_sf.o)
 .debug_info    0x00000dac      0x27f f:/documents/educational (archieved)/studing/nti/sdk/sdk_win_64/winavr/bin/../lib/gcc/avr/4.3.3/avr5\libgcc.a(_gt_sf.o)
 .debug_info    0x0000102b      0x27f f:/documents/educational (archieved)/studing/nti/sdk/sdk_win_64/winavr/bin/../lib/gcc/avr/4.3.3/avr5\libgcc.a(_ge_sf.o)
 .debug_info    0x000012aa      0x27f f:/documents/educational (archieved)/studing/nti/sdk/sdk_win_64/winavr/bin/../lib/gcc/avr/4.3.3/avr5\libgcc.a(_lt_sf.o)
 .debug_info    0x00001529      0x2b0 f:/documents/educational (archieved)/studing/nti/sdk/sdk_win_64/winavr/bin/../lib/gcc/avr/4.3.3/avr5\libgcc.a(_sf_to_si.o)
 .debug_info    0x000017d9      0x12c f:/documents/educational (archieved)/studing/nti/sdk/sdk_win_64/winavr/bin/../lib/gcc/avr/4.3.3/avr5\libgcc.a(_thenan_sf.o)
 .debug_info    0x00001905      0x2df f:/documents/educational (archieved)/studing/nti/sdk/sdk_win_64/winavr/bin/../lib/gcc/avr/4.3.3/avr5\libgcc.a(_pack_sf.o)
 .debug_info    0x00001be4      0x251 f:/documents/educational (archieved)/studing/nti/sdk/sdk_win_64/winavr/bin/../lib/gcc/avr/4.3.3/avr5\libgcc.a(_unpack_sf.o)
 .debug_info    0x00001e35      0x210 f:/documents/educational (archieved)/studing/nti/sdk/sdk_win_64/winavr/bin/../lib/gcc/avr/4.3.3/avr5\libgcc.a(_fpcmp_parts_sf.o)
 *(.gnu.linkonce.wi.*)

.debug_abbrev   0x00000000     0x1101
 *(.debug_abbrev)
 .debug_abbrev  0x00000000       0x5d f:/documents/educational (archieved)/studing/nti/sdk/sdk_win_64/winavr/bin/../lib/gcc/avr/4.3.3/avr5\libgcc.a(_fixunssfsi.o)
 .debug_abbrev  0x0000005d      0x1ea f:/documents/educational (archieved)/studing/nti/sdk/sdk_win_64/winavr/bin/../lib/gcc/avr/4.3.3/avr5\libgcc.a(_addsub_sf.o)
 .debug_abbrev  0x00000247      0x21b f:/documents/educational (archieved)/studing/nti/sdk/sdk_win_64/winavr/bin/../lib/gcc/avr/4.3.3/avr5\libgcc.a(_mul_sf.o)
 .debug_abbrev  0x00000462      0x216 f:/documents/educational (archieved)/studing/nti/sdk/sdk_win_64/winavr/bin/../lib/gcc/avr/4.3.3/avr5\libgcc.a(_div_sf.o)
 .debug_abbrev  0x00000678      0x15a f:/documents/educational (archieved)/studing/nti/sdk/sdk_win_64/winavr/bin/../lib/gcc/avr/4.3.3/avr5\libgcc.a(_gt_sf.o)
 .debug_abbrev  0x000007d2      0x15a f:/documents/educational (archieved)/studing/nti/sdk/sdk_win_64/winavr/bin/../lib/gcc/avr/4.3.3/avr5\libgcc.a(_ge_sf.o)
 .debug_abbrev  0x0000092c      0x15a f:/documents/educational (archieved)/studing/nti/sdk/sdk_win_64/winavr/bin/../lib/gcc/avr/4.3.3/avr5\libgcc.a(_lt_sf.o)
 .debug_abbrev  0x00000a86      0x17f f:/documents/educational (archieved)/studing/nti/sdk/sdk_win_64/winavr/bin/../lib/gcc/avr/4.3.3/avr5\libgcc.a(_sf_to_si.o)
 .debug_abbrev  0x00000c05       0xad f:/documents/educational (archieved)/studing/nti/sdk/sdk_win_64/winavr/bin/../lib/gcc/avr/4.3.3/avr5\libgcc.a(_thenan_sf.o)
 .debug_abbrev  0x00000cb2      0x1c0 f:/documents/educational (archieved)/studing/nti/sdk/sdk_win_64/winavr/bin/../lib/gcc/avr/4.3.3/avr5\libgcc.a(_pack_sf.o)
 .debug_abbrev  0x00000e72      0x154 f:/documents/educational (archieved)/studing/nti/sdk/sdk_win_64/winavr/bin/../lib/gcc/avr/4.3.3/avr5\libgcc.a(_unpack_sf.o)
 .debug_abbrev  0x00000fc6      0x13b f:/documents/educational (archieved)/studing/nti/sdk/sdk_win_64/winavr/bin/../lib/gcc/avr/4.3.3/avr5\libgcc.a(_fpcmp_parts_sf.o)

.debug_line     0x00000000      0xf82
 *(.debug_line)
 .debug_line    0x00000000       0xa7 f:/documents/educational (archieved)/studing/nti/sdk/sdk_win_64/winavr/bin/../lib/gcc/avr/4.3.3/avr5\libgcc.a(_fixunssfsi.o)
 .debug_line    0x000000a7      0x2af f:/documents/educational (archieved)/studing/nti/sdk/sdk_win_64/winavr/bin/../lib/gcc/avr/4.3.3/avr5\libgcc.a(_addsub_sf.o)
 .debug_line    0x00000356      0x239 f:/documents/educational (archieved)/studing/nti/sdk/sdk_win_64/winavr/bin/../lib/gcc/avr/4.3.3/avr5\libgcc.a(_mul_sf.o)
 .debug_line    0x0000058f      0x1d5 f:/documents/educational (archieved)/studing/nti/sdk/sdk_win_64/winavr/bin/../lib/gcc/avr/4.3.3/avr5\libgcc.a(_div_sf.o)
 .debug_line    0x00000764       0xd3 f:/documents/educational (archieved)/studing/nti/sdk/sdk_win_64/winavr/bin/../lib/gcc/avr/4.3.3/avr5\libgcc.a(_gt_sf.o)
 .debug_line    0x00000837       0xd3 f:/documents/educational (archieved)/studing/nti/sdk/sdk_win_64/winavr/bin/../lib/gcc/avr/4.3.3/avr5\libgcc.a(_ge_sf.o)
 .debug_line    0x0000090a       0xd3 f:/documents/educational (archieved)/studing/nti/sdk/sdk_win_64/winavr/bin/../lib/gcc/avr/4.3.3/avr5\libgcc.a(_lt_sf.o)
 .debug_line    0x000009dd      0x109 f:/documents/educational (archieved)/studing/nti/sdk/sdk_win_64/winavr/bin/../lib/gcc/avr/4.3.3/avr5\libgcc.a(_sf_to_si.o)
 .debug_line    0x00000ae6       0x90 f:/documents/educational (archieved)/studing/nti/sdk/sdk_win_64/winavr/bin/../lib/gcc/avr/4.3.3/avr5\libgcc.a(_thenan_sf.o)
 .debug_line    0x00000b76      0x18a f:/documents/educational (archieved)/studing/nti/sdk/sdk_win_64/winavr/bin/../lib/gcc/avr/4.3.3/avr5\libgcc.a(_pack_sf.o)
 .debug_line    0x00000d00      0x14b f:/documents/educational (archieved)/studing/nti/sdk/sdk_win_64/winavr/bin/../lib/gcc/avr/4.3.3/avr5\libgcc.a(_unpack_sf.o)
 .debug_line    0x00000e4b      0x137 f:/documents/educational (archieved)/studing/nti/sdk/sdk_win_64/winavr/bin/../lib/gcc/avr/4.3.3/avr5\libgcc.a(_fpcmp_parts_sf.o)

.debug_frame    0x00000000      0x180
 *(.debug_frame)
 .debug_frame   0x00000000       0x20 f:/documents/educational (archieved)/studing/nti/sdk/sdk_win_64/winavr/bin/../lib/gcc/avr/4.3.3/avr5\libgcc.a(_fixunssfsi.o)
 .debug_frame   0x00000020       0x40 f:/documents/educational (archieved)/studing/nti/sdk/sdk_win_64/winavr/bin/../lib/gcc/avr/4.3.3/avr5\libgcc.a(_addsub_sf.o)
 .debug_frame   0x00000060       0x20 f:/documents/educational (archieved)/studing/nti/sdk/sdk_win_64/winavr/bin/../lib/gcc/avr/4.3.3/avr5\libgcc.a(_mul_sf.o)
 .debug_frame   0x00000080       0x20 f:/documents/educational (archieved)/studing/nti/sdk/sdk_win_64/winavr/bin/../lib/gcc/avr/4.3.3/avr5\libgcc.a(_div_sf.o)
 .debug_frame   0x000000a0       0x20 f:/documents/educational (archieved)/studing/nti/sdk/sdk_win_64/winavr/bin/../lib/gcc/avr/4.3.3/avr5\libgcc.a(_gt_sf.o)
 .debug_frame   0x000000c0       0x20 f:/documents/educational (archieved)/studing/nti/sdk/sdk_win_64/winavr/bin/../lib/gcc/avr/4.3.3/avr5\libgcc.a(_ge_sf.o)
 .debug_frame   0x000000e0       0x20 f:/documents/educational (archieved)/studing/nti/sdk/sdk_win_64/winavr/bin/../lib/gcc/avr/4.3.3/avr5\libgcc.a(_lt_sf.o)
 .debug_frame   0x00000100       0x20 f:/documents/educational (archieved)/studing/nti/sdk/sdk_win_64/winavr/bin/../lib/gcc/avr/4.3.3/avr5\libgcc.a(_sf_to_si.o)
 .debug_frame   0x00000120       0x20 f:/documents/educational (archieved)/studing/nti/sdk/sdk_win_64/winavr/bin/../lib/gcc/avr/4.3.3/avr5\libgcc.a(_pack_sf.o)
 .debug_frame   0x00000140       0x20 f:/documents/educational (archieved)/studing/nti/sdk/sdk_win_64/winavr/bin/../lib/gcc/avr/4.3.3/avr5\libgcc.a(_unpack_sf.o)
 .debug_frame   0x00000160       0x20 f:/documents/educational (archieved)/studing/nti/sdk/sdk_win_64/winavr/bin/../lib/gcc/avr/4.3.3/avr5\libgcc.a(_fpcmp_parts_sf.o)

.debug_str      0x00000000      0x2c2
 *(.debug_str)
 .debug_str     0x00000000       0xbf f:/documents/educational (archieved)/studing/nti/sdk/sdk_win_64/winavr/bin/../lib/gcc/avr/4.3.3/avr5\libgcc.a(_fixunssfsi.o)
                                 0xfe (size before relaxing)
 .debug_str     0x000000bf      0x14d f:/documents/educational (archieved)/studing/nti/sdk/sdk_win_64/winavr/bin/../lib/gcc/avr/4.3.3/avr5\libgcc.a(_addsub_sf.o)
                                0x206 (size before relaxing)
 .debug_str     0x0000020c       0x27 f:/documents/educational (archieved)/studing/nti/sdk/sdk_win_64/winavr/bin/../lib/gcc/avr/4.3.3/avr5\libgcc.a(_mul_sf.o)
                                0x1bf (size before relaxing)
 .debug_str     0x00000233       0x35 f:/documents/educational (archieved)/studing/nti/sdk/sdk_win_64/winavr/bin/../lib/gcc/avr/4.3.3/avr5\libgcc.a(_div_sf.o)
                                0x1c8 (size before relaxing)
 .debug_str     0x00000268        0xf f:/documents/educational (archieved)/studing/nti/sdk/sdk_win_64/winavr/bin/../lib/gcc/avr/4.3.3/avr5\libgcc.a(_gt_sf.o)
                                0x195 (size before relaxing)
 .debug_str     0x00000277        0x8 f:/documents/educational (archieved)/studing/nti/sdk/sdk_win_64/winavr/bin/../lib/gcc/avr/4.3.3/avr5\libgcc.a(_ge_sf.o)
                                0x195 (size before relaxing)
 .debug_str     0x0000027f        0x8 f:/documents/educational (archieved)/studing/nti/sdk/sdk_win_64/winavr/bin/../lib/gcc/avr/4.3.3/avr5\libgcc.a(_lt_sf.o)
                                0x195 (size before relaxing)
 .debug_str     0x00000287        0xa f:/documents/educational (archieved)/studing/nti/sdk/sdk_win_64/winavr/bin/../lib/gcc/avr/4.3.3/avr5\libgcc.a(_sf_to_si.o)
                                0x19e (size before relaxing)
 .debug_str     0x00000000      0x103 f:/documents/educational (archieved)/studing/nti/sdk/sdk_win_64/winavr/bin/../lib/gcc/avr/4.3.3/avr5\libgcc.a(_thenan_sf.o)
 .debug_str     0x00000291       0x16 f:/documents/educational (archieved)/studing/nti/sdk/sdk_win_64/winavr/bin/../lib/gcc/avr/4.3.3/avr5\libgcc.a(_pack_sf.o)
                                0x19d (size before relaxing)
 .debug_str     0x000002a7        0xb f:/documents/educational (archieved)/studing/nti/sdk/sdk_win_64/winavr/bin/../lib/gcc/avr/4.3.3/avr5\libgcc.a(_unpack_sf.o)
                                0x17f (size before relaxing)
 .debug_str     0x000002b2       0x10 f:/documents/educational (archieved)/studing/nti/sdk/sdk_win_64/winavr/bin/../lib/gcc/avr/4.3.3/avr5\libgcc.a(_fpcmp_parts_sf.o)
                                0x163 (size before relaxing)

.debug_loc      0x00000000      0x88e
 *(.debug_loc)
 .debug_loc     0x00000000       0x34 f:/documents/educational (archieved)/studing/nti/sdk/sdk_win_64/winavr/bin/../lib/gcc/avr/4.3.3/avr5\libgcc.a(_fixunssfsi.o)
 .debug_loc     0x00000034      0x32a f:/documents/educational (archieved)/studing/nti/sdk/sdk_win_64/winavr/bin/../lib/gcc/avr/4.3.3/avr5\libgcc.a(_addsub_sf.o)
 .debug_loc     0x0000035e      0x104 f:/documents/educational (archieved)/studing/nti/sdk/sdk_win_64/winavr/bin/../lib/gcc/avr/4.3.3/avr5\libgcc.a(_mul_sf.o)
 .debug_loc     0x00000462       0xc0 f:/documents/educational (archieved)/studing/nti/sdk/sdk_win_64/winavr/bin/../lib/gcc/avr/4.3.3/avr5\libgcc.a(_div_sf.o)
 .debug_loc     0x00000522       0x3c f:/documents/educational (archieved)/studing/nti/sdk/sdk_win_64/winavr/bin/../lib/gcc/avr/4.3.3/avr5\libgcc.a(_gt_sf.o)
 .debug_loc     0x0000055e       0x3c f:/documents/educational (archieved)/studing/nti/sdk/sdk_win_64/winavr/bin/../lib/gcc/avr/4.3.3/avr5\libgcc.a(_ge_sf.o)
 .debug_loc     0x0000059a       0x3c f:/documents/educational (archieved)/studing/nti/sdk/sdk_win_64/winavr/bin/../lib/gcc/avr/4.3.3/avr5\libgcc.a(_lt_sf.o)
 .debug_loc     0x000005d6       0x7e f:/documents/educational (archieved)/studing/nti/sdk/sdk_win_64/winavr/bin/../lib/gcc/avr/4.3.3/avr5\libgcc.a(_sf_to_si.o)
 .debug_loc     0x00000654      0x13e f:/documents/educational (archieved)/studing/nti/sdk/sdk_win_64/winavr/bin/../lib/gcc/avr/4.3.3/avr5\libgcc.a(_pack_sf.o)
 .debug_loc     0x00000792       0xac f:/documents/educational (archieved)/studing/nti/sdk/sdk_win_64/winavr/bin/../lib/gcc/avr/4.3.3/avr5\libgcc.a(_unpack_sf.o)
 .debug_loc     0x0000083e       0x50 f:/documents/educational (archieved)/studing/nti/sdk/sdk_win_64/winavr/bin/../lib/gcc/avr/4.3.3/avr5\libgcc.a(_fpcmp_parts_sf.o)

.debug_macinfo
 *(.debug_macinfo)
OUTPUT(Master_Driver.elf elf32-avr)
LOAD linker stubs

.debug_ranges   0x00000000       0x50
 .debug_ranges  0x00000000       0x50 f:/documents/educational (archieved)/studing/nti/sdk/sdk_win_64/winavr/bin/../lib/gcc/avr/4.3.3/avr5\libgcc.a(_mul_sf.o)
