Archive member included because of file (symbol)

f:/documents/educational (archieved)/studing/nti/sdk/sdk_win_64/winavr/bin/../lib/gcc/avr/4.3.3/avr5\libgcc.a(_exit.o)
                              f:/documents/educational (archieved)/studing/nti/sdk/sdk_win_64/winavr/bin/../lib/gcc/avr/4.3.3/../../../../avr/lib/avr5/crtm16.o (exit)
f:/documents/educational (archieved)/studing/nti/sdk/sdk_win_64/winavr/bin/../lib/gcc/avr/4.3.3/avr5\libgcc.a(_clear_bss.o)
                              ./TIM0_program.o (__do_clear_bss)
f:/documents/educational (archieved)/studing/nti/sdk/sdk_win_64/winavr/bin/../lib/gcc/avr/4.3.3/avr5\libgcc.a(_fixunssfsi.o)
                              ./SPI_program.o (__fixunssfsi)
f:/documents/educational (archieved)/studing/nti/sdk/sdk_win_64/winavr/bin/../lib/gcc/avr/4.3.3/avr5\libgcc.a(_addsub_sf.o)
                              f:/documents/educational (archieved)/studing/nti/sdk/sdk_win_64/winavr/bin/../lib/gcc/avr/4.3.3/avr5\libgcc.a(_fixunssfsi.o) (__subsf3)
f:/documents/educational (archieved)/studing/nti/sdk/sdk_win_64/winavr/bin/../lib/gcc/avr/4.3.3/avr5\libgcc.a(_mul_sf.o)
                              ./SPI_program.o (__mulsf3)
f:/documents/educational (archieved)/studing/nti/sdk/sdk_win_64/winavr/bin/../lib/gcc/avr/4.3.3/avr5\libgcc.a(_gt_sf.o)
                              ./SPI_program.o (__gtsf2)
f:/documents/educational (archieved)/studing/nti/sdk/sdk_win_64/winavr/bin/../lib/gcc/avr/4.3.3/avr5\libgcc.a(_ge_sf.o)
                              f:/documents/educational (archieved)/studing/nti/sdk/sdk_win_64/winavr/bin/../lib/gcc/avr/4.3.3/avr5\libgcc.a(_fixunssfsi.o) (__gesf2)
f:/documents/educational (archieved)/studing/nti/sdk/sdk_win_64/winavr/bin/../lib/gcc/avr/4.3.3/avr5\libgcc.a(_lt_sf.o)
                              ./SPI_program.o (__ltsf2)
f:/documents/educational (archieved)/studing/nti/sdk/sdk_win_64/winavr/bin/../lib/gcc/avr/4.3.3/avr5\libgcc.a(_sf_to_si.o)
                              f:/documents/educational (archieved)/studing/nti/sdk/sdk_win_64/winavr/bin/../lib/gcc/avr/4.3.3/avr5\libgcc.a(_fixunssfsi.o) (__fixsfsi)
f:/documents/educational (archieved)/studing/nti/sdk/sdk_win_64/winavr/bin/../lib/gcc/avr/4.3.3/avr5\libgcc.a(_thenan_sf.o)
                              f:/documents/educational (archieved)/studing/nti/sdk/sdk_win_64/winavr/bin/../lib/gcc/avr/4.3.3/avr5\libgcc.a(_addsub_sf.o) (__thenan_sf)
f:/documents/educational (archieved)/studing/nti/sdk/sdk_win_64/winavr/bin/../lib/gcc/avr/4.3.3/avr5\libgcc.a(_prologue.o)
                              f:/documents/educational (archieved)/studing/nti/sdk/sdk_win_64/winavr/bin/../lib/gcc/avr/4.3.3/avr5\libgcc.a(_addsub_sf.o) (__prologue_saves__)
f:/documents/educational (archieved)/studing/nti/sdk/sdk_win_64/winavr/bin/../lib/gcc/avr/4.3.3/avr5\libgcc.a(_epilogue.o)
                              f:/documents/educational (archieved)/studing/nti/sdk/sdk_win_64/winavr/bin/../lib/gcc/avr/4.3.3/avr5\libgcc.a(_addsub_sf.o) (__epilogue_restores__)
f:/documents/educational (archieved)/studing/nti/sdk/sdk_win_64/winavr/bin/../lib/gcc/avr/4.3.3/avr5\libgcc.a(_copy_data.o)
                              f:/documents/educational (archieved)/studing/nti/sdk/sdk_win_64/winavr/bin/../lib/gcc/avr/4.3.3/avr5\libgcc.a(_thenan_sf.o) (__do_copy_data)
f:/documents/educational (archieved)/studing/nti/sdk/sdk_win_64/winavr/bin/../lib/gcc/avr/4.3.3/avr5\libgcc.a(_pack_sf.o)
                              f:/documents/educational (archieved)/studing/nti/sdk/sdk_win_64/winavr/bin/../lib/gcc/avr/4.3.3/avr5\libgcc.a(_addsub_sf.o) (__pack_f)
f:/documents/educational (archieved)/studing/nti/sdk/sdk_win_64/winavr/bin/../lib/gcc/avr/4.3.3/avr5\libgcc.a(_unpack_sf.o)
                              f:/documents/educational (archieved)/studing/nti/sdk/sdk_win_64/winavr/bin/../lib/gcc/avr/4.3.3/avr5\libgcc.a(_addsub_sf.o) (__unpack_f)
f:/documents/educational (archieved)/studing/nti/sdk/sdk_win_64/winavr/bin/../lib/gcc/avr/4.3.3/avr5\libgcc.a(_fpcmp_parts_sf.o)
                              f:/documents/educational (archieved)/studing/nti/sdk/sdk_win_64/winavr/bin/../lib/gcc/avr/4.3.3/avr5\libgcc.a(_gt_sf.o) (__fpcmp_parts_f)

Allocating common symbols
Common symbol       size              file

Speed               0x1               ./main.o
C_State             0x1               ./main.o
Sorvo_C             0x1               ./main.o
TIM1_COMPB_ISR      0x2               ./TIM1_program.o
D_State             0x1               ./main.o
Sorvo_A             0x1               ./main.o
TIM1_OVF_ISR        0x2               ./TIM1_program.o
TIM0_COMP_ISR       0x2               ./TIM0_program.o
TIM1_COMPA_ISR      0x2               ./TIM1_program.o
Sorvo_B             0x1               ./main.o
Door                0x1               ./main.o
Instruction         0x1               ./main.o
TIM0_OVF_ISR        0x2               ./TIM0_program.o
Sorvo_D             0x1               ./main.o
TIM1_CAPT_ISR       0x2               ./TIM1_program.o
MotorDirection      0x1               ./main.o

Memory Configuration

Name             Origin             Length             Attributes
text             0x00000000         0x00020000         xr
data             0x00800060         0x0000ffa0         rw !x
eeprom           0x00810000         0x00010000         rw !x
fuse             0x00820000         0x00000400         rw !x
lock             0x00830000         0x00000400         rw !x
signature        0x00840000         0x00000400         rw !x
*default*        0x00000000         0xffffffff

Linker script and memory map

LOAD f:/documents/educational (archieved)/studing/nti/sdk/sdk_win_64/winavr/bin/../lib/gcc/avr/4.3.3/../../../../avr/lib/avr5/crtm16.o
LOAD ./DIO_program.o
LOAD ./SERVO_program.o
LOAD ./SPI_program.o
LOAD ./TIM0_program.o
LOAD ./TIM1_program.o
LOAD ./main.o
LOAD f:/documents/educational (archieved)/studing/nti/sdk/sdk_win_64/winavr/bin/../lib/gcc/avr/4.3.3/avr5\libgcc.a
LOAD f:/documents/educational (archieved)/studing/nti/sdk/sdk_win_64/winavr/bin/../lib/gcc/avr/4.3.3/../../../../avr/lib/avr5\libc.a
LOAD f:/documents/educational (archieved)/studing/nti/sdk/sdk_win_64/winavr/bin/../lib/gcc/avr/4.3.3/avr5\libgcc.a

.hash
 *(.hash)

.dynsym
 *(.dynsym)

.dynstr
 *(.dynstr)

.gnu.version
 *(.gnu.version)

.gnu.version_d
 *(.gnu.version_d)

.gnu.version_r
 *(.gnu.version_r)

.rel.init
 *(.rel.init)

.rela.init
 *(.rela.init)

.rel.text
 *(.rel.text)
 *(.rel.text.*)
 *(.rel.gnu.linkonce.t*)

.rela.text
 *(.rela.text)
 *(.rela.text.*)
 *(.rela.gnu.linkonce.t*)

.rel.fini
 *(.rel.fini)

.rela.fini
 *(.rela.fini)

.rel.rodata
 *(.rel.rodata)
 *(.rel.rodata.*)
 *(.rel.gnu.linkonce.r*)

.rela.rodata
 *(.rela.rodata)
 *(.rela.rodata.*)
 *(.rela.gnu.linkonce.r*)

.rel.data
 *(.rel.data)
 *(.rel.data.*)
 *(.rel.gnu.linkonce.d*)

.rela.data
 *(.rela.data)
 *(.rela.data.*)
 *(.rela.gnu.linkonce.d*)

.rel.ctors
 *(.rel.ctors)

.rela.ctors
 *(.rela.ctors)

.rel.dtors
 *(.rel.dtors)

.rela.dtors
 *(.rela.dtors)

.rel.got
 *(.rel.got)

.rela.got
 *(.rela.got)

.rel.bss
 *(.rel.bss)

.rela.bss
 *(.rela.bss)

.rel.plt
 *(.rel.plt)

.rela.plt
 *(.rela.plt)

.text           0x00000000     0x2cb8
 *(.vectors)
 .vectors       0x00000000       0x54 f:/documents/educational (archieved)/studing/nti/sdk/sdk_win_64/winavr/bin/../lib/gcc/avr/4.3.3/../../../../avr/lib/avr5/crtm16.o
                0x00000000                __vectors
                0x00000000                __vector_default
 *(.vectors)
 *(.progmem.gcc*)
 *(.progmem*)
                0x00000054                . = ALIGN (0x2)
                0x00000054                __trampolines_start = .
 *(.trampolines)
 .trampolines   0x00000054        0x0 linker stubs
 *(.trampolines*)
                0x00000054                __trampolines_end = .
 *(.jumptables)
 *(.jumptables*)
 *(.lowtext)
 *(.lowtext*)
                0x00000054                __ctors_start = .
 *(.ctors)
                0x00000054                __ctors_end = .
                0x00000054                __dtors_start = .
 *(.dtors)
                0x00000054                __dtors_end = .
 SORT(*)(.ctors)
 SORT(*)(.dtors)
 *(.init0)
 .init0         0x00000054        0x0 f:/documents/educational (archieved)/studing/nti/sdk/sdk_win_64/winavr/bin/../lib/gcc/avr/4.3.3/../../../../avr/lib/avr5/crtm16.o
                0x00000054                __init
 *(.init0)
 *(.init1)
 *(.init1)
 *(.init2)
 .init2         0x00000054        0xc f:/documents/educational (archieved)/studing/nti/sdk/sdk_win_64/winavr/bin/../lib/gcc/avr/4.3.3/../../../../avr/lib/avr5/crtm16.o
 *(.init2)
 *(.init3)
 *(.init3)
 *(.init4)
 .init4         0x00000060       0x10 f:/documents/educational (archieved)/studing/nti/sdk/sdk_win_64/winavr/bin/../lib/gcc/avr/4.3.3/avr5\libgcc.a(_clear_bss.o)
                0x00000060                __do_clear_bss
 .init4         0x00000070       0x16 f:/documents/educational (archieved)/studing/nti/sdk/sdk_win_64/winavr/bin/../lib/gcc/avr/4.3.3/avr5\libgcc.a(_copy_data.o)
                0x00000070                __do_copy_data
 *(.init4)
 *(.init5)
 *(.init5)
 *(.init6)
 *(.init6)
 *(.init7)
 *(.init7)
 *(.init8)
 *(.init8)
 *(.init9)
 .init9         0x00000086        0x8 f:/documents/educational (archieved)/studing/nti/sdk/sdk_win_64/winavr/bin/../lib/gcc/avr/4.3.3/../../../../avr/lib/avr5/crtm16.o
 *(.init9)
 *(.text)
 .text          0x0000008e        0x4 f:/documents/educational (archieved)/studing/nti/sdk/sdk_win_64/winavr/bin/../lib/gcc/avr/4.3.3/../../../../avr/lib/avr5/crtm16.o
                0x0000008e                __vector_1
                0x0000008e                __vector_12
                0x0000008e                __bad_interrupt
                0x0000008e                __vector_3
                0x0000008e                __vector_13
                0x0000008e                __vector_17
                0x0000008e                __vector_19
                0x0000008e                __vector_5
                0x0000008e                __vector_4
                0x0000008e                __vector_2
                0x0000008e                __vector_15
                0x0000008e                __vector_14
                0x0000008e                __vector_16
                0x0000008e                __vector_18
                0x0000008e                __vector_20
 .text          0x00000092        0x0 ./DIO_program.o
 .text          0x00000092        0x0 ./SERVO_program.o
 .text          0x00000092        0x0 ./SPI_program.o
 .text          0x00000092        0x0 ./TIM0_program.o
 .text          0x00000092        0x0 ./TIM1_program.o
 .text          0x00000092        0x0 ./main.o
 .text          0x00000092        0x0 f:/documents/educational (archieved)/studing/nti/sdk/sdk_win_64/winavr/bin/../lib/gcc/avr/4.3.3/avr5\libgcc.a(_exit.o)
 .text          0x00000092        0x0 f:/documents/educational (archieved)/studing/nti/sdk/sdk_win_64/winavr/bin/../lib/gcc/avr/4.3.3/avr5\libgcc.a(_clear_bss.o)
 .text          0x00000092       0x58 f:/documents/educational (archieved)/studing/nti/sdk/sdk_win_64/winavr/bin/../lib/gcc/avr/4.3.3/avr5\libgcc.a(_fixunssfsi.o)
                0x00000092                __fixunssfsi
 .text          0x000000ea      0x354 f:/documents/educational (archieved)/studing/nti/sdk/sdk_win_64/winavr/bin/../lib/gcc/avr/4.3.3/avr5\libgcc.a(_addsub_sf.o)
                0x00000382                __subsf3
                0x000003e4                __addsf3
 .text          0x0000043e      0x1f4 f:/documents/educational (archieved)/studing/nti/sdk/sdk_win_64/winavr/bin/../lib/gcc/avr/4.3.3/avr5\libgcc.a(_mul_sf.o)
                0x0000043e                __mulsf3
 .text          0x00000632       0x60 f:/documents/educational (archieved)/studing/nti/sdk/sdk_win_64/winavr/bin/../lib/gcc/avr/4.3.3/avr5\libgcc.a(_gt_sf.o)
                0x00000632                __gtsf2
 .text          0x00000692       0x60 f:/documents/educational (archieved)/studing/nti/sdk/sdk_win_64/winavr/bin/../lib/gcc/avr/4.3.3/avr5\libgcc.a(_ge_sf.o)
                0x00000692                __gesf2
 .text          0x000006f2       0x60 f:/documents/educational (archieved)/studing/nti/sdk/sdk_win_64/winavr/bin/../lib/gcc/avr/4.3.3/avr5\libgcc.a(_lt_sf.o)
                0x000006f2                __ltsf2
 .text          0x00000752       0xa8 f:/documents/educational (archieved)/studing/nti/sdk/sdk_win_64/winavr/bin/../lib/gcc/avr/4.3.3/avr5\libgcc.a(_sf_to_si.o)
                0x00000752                __fixsfsi
 .text          0x000007fa        0x0 f:/documents/educational (archieved)/studing/nti/sdk/sdk_win_64/winavr/bin/../lib/gcc/avr/4.3.3/avr5\libgcc.a(_thenan_sf.o)
 .text          0x000007fa        0x0 f:/documents/educational (archieved)/studing/nti/sdk/sdk_win_64/winavr/bin/../lib/gcc/avr/4.3.3/avr5\libgcc.a(_prologue.o)
 .text          0x000007fa        0x0 f:/documents/educational (archieved)/studing/nti/sdk/sdk_win_64/winavr/bin/../lib/gcc/avr/4.3.3/avr5\libgcc.a(_epilogue.o)
 .text          0x000007fa        0x0 f:/documents/educational (archieved)/studing/nti/sdk/sdk_win_64/winavr/bin/../lib/gcc/avr/4.3.3/avr5\libgcc.a(_copy_data.o)
 .text          0x000007fa      0x1aa f:/documents/educational (archieved)/studing/nti/sdk/sdk_win_64/winavr/bin/../lib/gcc/avr/4.3.3/avr5\libgcc.a(_pack_sf.o)
                0x000007fa                __pack_f
 .text          0x000009a4       0xf0 f:/documents/educational (archieved)/studing/nti/sdk/sdk_win_64/winavr/bin/../lib/gcc/avr/4.3.3/avr5\libgcc.a(_unpack_sf.o)
                0x000009a4                __unpack_f
 .text          0x00000a94       0xb2 f:/documents/educational (archieved)/studing/nti/sdk/sdk_win_64/winavr/bin/../lib/gcc/avr/4.3.3/avr5\libgcc.a(_fpcmp_parts_sf.o)
                0x00000a94                __fpcmp_parts_f
                0x00000b46                . = ALIGN (0x2)
 *(.text.*)
 .text.MCAL_DIO_voidSetPinMode
                0x00000b46      0x32e ./DIO_program.o
                0x00000b46                MCAL_DIO_voidSetPinMode
 .text.MCAL_DIO_voidWritePin
                0x00000e74      0x1d6 ./DIO_program.o
                0x00000e74                MCAL_DIO_voidWritePin
 .text.MCAL_DIO_u8ReadPin
                0x0000104a      0x116 ./DIO_program.o
                0x0000104a                MCAL_DIO_u8ReadPin
 .text.MCAL_DIO_voidWriteWord
                0x00001160       0x88 ./DIO_program.o
                0x00001160                MCAL_DIO_voidWriteWord
 .text.MCAL_DIO_u8WordRead
                0x000011e8       0x96 ./DIO_program.o
                0x000011e8                MCAL_DIO_u8WordRead
 .text.MCAL_DIO_voidTogglePin
                0x0000127e      0x10a ./DIO_program.o
                0x0000127e                MCAL_DIO_voidTogglePin
 .text.MCAL_DIO_voidTogglePort
                0x00001388       0x9e ./DIO_program.o
                0x00001388                MCAL_DIO_voidTogglePort
 .text.HAL_SERVO_Init
                0x00001426       0x52 ./SERVO_program.o
                0x00001426                HAL_SERVO_Init
 .text.HAL_SERVO_SetAngle
                0x00001478       0x24 ./SERVO_program.o
                0x00001478                HAL_SERVO_SetAngle
 .text.MCAL_SPI_MasterInit
                0x0000149c      0x15c ./SPI_program.o
                0x0000149c                MCAL_SPI_MasterInit
 .text.MCAL_SPI_SlaveInit
                0x000015f8       0x40 ./SPI_program.o
                0x000015f8                MCAL_SPI_SlaveInit
 .text.MCAL_SPI_MasterTransmit
                0x00001638       0x28 ./SPI_program.o
                0x00001638                MCAL_SPI_MasterTransmit
 .text.MCAL_SPI_SlaveReceive
                0x00001660       0x20 ./SPI_program.o
                0x00001660                MCAL_SPI_SlaveReceive
 .text.MCAL_TIM0_StartTimer
                0x00001680       0x1c ./TIM0_program.o
                0x00001680                MCAL_TIM0_StartTimer
 .text.MCAL_TIM0_PresetTimer
                0x0000169c       0x1c ./TIM0_program.o
                0x0000169c                MCAL_TIM0_PresetTimer
 .text.MCAL_TIM0_StopTimer
                0x000016b8       0x1c ./TIM0_program.o
                0x000016b8                MCAL_TIM0_StopTimer
 .text.MCAL_TIM0_SetTimerCompareMode
                0x000016d4      0x402 ./TIM0_program.o
                0x000016d4                MCAL_TIM0_SetTimerCompareMode
 .text.MCAL_TIM0_ClearTimer
                0x00001ad6       0x14 ./TIM0_program.o
                0x00001ad6                MCAL_TIM0_ClearTimer
 .text.MCAL_TIM0_GetElapsedTime
                0x00001aea       0x14 ./TIM0_program.o
                0x00001aea                MCAL_TIM0_GetElapsedTime
 .text.MCAL_TIM0_GetRemainingTime
                0x00001afe       0x1e ./TIM0_program.o
                0x00001afe                MCAL_TIM0_GetRemainingTime
 .text.MCAL_TIM0_BusyWait
                0x00001b1c       0x88 ./TIM0_program.o
                0x00001b1c                MCAL_TIM0_BusyWait
 .text.MCAL_TIM0_SetCompareValue
                0x00001ba4       0x1c ./TIM0_program.o
                0x00001ba4                MCAL_TIM0_SetCompareValue
 .text.MCAL_TIM0_EnableOVFInterrupt
                0x00001bc0       0x3a ./TIM0_program.o
                0x00001bc0                MCAL_TIM0_EnableOVFInterrupt
 .text.MCAL_TIM0_EnableCOMPInterrupt
                0x00001bfa       0x3a ./TIM0_program.o
                0x00001bfa                MCAL_TIM0_EnableCOMPInterrupt
 .text.MCAL_TIM0_DisableOVFInterrupt
                0x00001c34       0x24 ./TIM0_program.o
                0x00001c34                MCAL_TIM0_DisableOVFInterrupt
 .text.MCAL_TIM0_DisableCOMPInterrupt
                0x00001c58       0x24 ./TIM0_program.o
                0x00001c58                MCAL_TIM0_DisableCOMPInterrupt
 .text.__vector_10
                0x00001c7c       0x66 ./TIM0_program.o
                0x00001c7c                __vector_10
 .text.__vector_11
                0x00001ce2       0x66 ./TIM0_program.o
                0x00001ce2                __vector_11
 .text.MCAL_TIM1_EnableTimer
                0x00001d48       0x1c ./TIM1_program.o
                0x00001d48                MCAL_TIM1_EnableTimer
 .text.MCAL_TIM1_StopTimer
                0x00001d64       0x1c ./TIM1_program.o
                0x00001d64                MCAL_TIM1_StopTimer
 .text.MCAL_TIM1_Preset
                0x00001d80       0x24 ./TIM1_program.o
                0x00001d80                MCAL_TIM1_Preset
 .text.MCAL_TIM1_SetTimerCompareMode
                0x00001da4      0x5d0 ./TIM1_program.o
                0x00001da4                MCAL_TIM1_SetTimerCompareMode
 .text.MCAL_TIM1_SetTimerModeOfOperation
                0x00002374      0x446 ./TIM1_program.o
                0x00002374                MCAL_TIM1_SetTimerModeOfOperation
 .text.MCAL_TIM1_ClearTimer
                0x000027ba       0x16 ./TIM1_program.o
                0x000027ba                MCAL_TIM1_ClearTimer
 .text.MCAL_TIM1_GetElapsedTime
                0x000027d0       0x16 ./TIM1_program.o
                0x000027d0                MCAL_TIM1_GetElapsedTime
 .text.MCAL_TIM1_GetRemainingTime
                0x000027e6       0x28 ./TIM1_program.o
                0x000027e6                MCAL_TIM1_GetRemainingTime
 .text.MCAL_TIM1_SetCompareValue
                0x0000280e       0x44 ./TIM1_program.o
                0x0000280e                MCAL_TIM1_SetCompareValue
 .text.MCAL_TIM1_EnableOVFInterrupt
                0x00002852       0x32 ./TIM1_program.o
                0x00002852                MCAL_TIM1_EnableOVFInterrupt
 .text.MCAL_TIM1_EnableCAPTInterrupt
                0x00002884       0x32 ./TIM1_program.o
                0x00002884                MCAL_TIM1_EnableCAPTInterrupt
 .text.MCAL_TIM1_EnableCOMPInterrupt
                0x000028b6       0x60 ./TIM1_program.o
                0x000028b6                MCAL_TIM1_EnableCOMPInterrupt
 .text.MCAL_TIM1_DisableCAPTInterrupt
                0x00002916       0x24 ./TIM1_program.o
                0x00002916                MCAL_TIM1_DisableCAPTInterrupt
 .text.MCAL_TIM1_DisableOVFInterrupt
                0x0000293a       0x24 ./TIM1_program.o
                0x0000293a                MCAL_TIM1_DisableOVFInterrupt
 .text.MCAL_TIM1_DisableCOMPInterrupt
                0x0000295e       0x4e ./TIM1_program.o
                0x0000295e                MCAL_TIM1_DisableCOMPInterrupt
 .text.__vector_6
                0x000029ac       0x5a ./TIM1_program.o
                0x000029ac                __vector_6
 .text.__vector_7
                0x00002a06       0x5a ./TIM1_program.o
                0x00002a06                __vector_7
 .text.__vector_8
                0x00002a60       0x5a ./TIM1_program.o
                0x00002a60                __vector_8
 .text.__vector_9
                0x00002aba       0x5a ./TIM1_program.o
                0x00002aba                __vector_9
 .text.main     0x00002b14      0x102 ./main.o
                0x00002b14                main
 .text.InitializeSystem
                0x00002c16       0x30 ./main.o
                0x00002c16                InitializeSystem
 .text.libgcc   0x00002c46        0x0 f:/documents/educational (archieved)/studing/nti/sdk/sdk_win_64/winavr/bin/../lib/gcc/avr/4.3.3/avr5\libgcc.a(_exit.o)
 .text.libgcc   0x00002c46        0x0 f:/documents/educational (archieved)/studing/nti/sdk/sdk_win_64/winavr/bin/../lib/gcc/avr/4.3.3/avr5\libgcc.a(_clear_bss.o)
 .text.libgcc   0x00002c46       0x38 f:/documents/educational (archieved)/studing/nti/sdk/sdk_win_64/winavr/bin/../lib/gcc/avr/4.3.3/avr5\libgcc.a(_prologue.o)
                0x00002c46                __prologue_saves__
 .text.libgcc   0x00002c7e       0x36 f:/documents/educational (archieved)/studing/nti/sdk/sdk_win_64/winavr/bin/../lib/gcc/avr/4.3.3/avr5\libgcc.a(_epilogue.o)
                0x00002c7e                __epilogue_restores__
 .text.libgcc   0x00002cb4        0x0 f:/documents/educational (archieved)/studing/nti/sdk/sdk_win_64/winavr/bin/../lib/gcc/avr/4.3.3/avr5\libgcc.a(_copy_data.o)
                0x00002cb4                . = ALIGN (0x2)
 *(.fini9)
 .fini9         0x00002cb4        0x0 f:/documents/educational (archieved)/studing/nti/sdk/sdk_win_64/winavr/bin/../lib/gcc/avr/4.3.3/avr5\libgcc.a(_exit.o)
                0x00002cb4                exit
                0x00002cb4                _exit
 *(.fini9)
 *(.fini8)
 *(.fini8)
 *(.fini7)
 *(.fini7)
 *(.fini6)
 *(.fini6)
 *(.fini5)
 *(.fini5)
 *(.fini4)
 *(.fini4)
 *(.fini3)
 *(.fini3)
 *(.fini2)
 *(.fini2)
 *(.fini1)
 *(.fini1)
 *(.fini0)
 .fini0         0x00002cb4        0x4 f:/documents/educational (archieved)/studing/nti/sdk/sdk_win_64/winavr/bin/../lib/gcc/avr/4.3.3/avr5\libgcc.a(_exit.o)
 *(.fini0)
                0x00002cb8                _etext = .

.data           0x00800060        0x8 load address 0x00002cb8
                0x00800060                PROVIDE (__data_start, .)
 *(.data)
 .data          0x00800060        0x0 f:/documents/educational (archieved)/studing/nti/sdk/sdk_win_64/winavr/bin/../lib/gcc/avr/4.3.3/../../../../avr/lib/avr5/crtm16.o
 .data          0x00800060        0x0 ./DIO_program.o
 .data          0x00800060        0x0 ./SERVO_program.o
 .data          0x00800060        0x0 ./SPI_program.o
 .data          0x00800060        0x0 ./TIM0_program.o
 .data          0x00800060        0x0 ./TIM1_program.o
 .data          0x00800060        0x0 ./main.o
 .data          0x00800060        0x0 f:/documents/educational (archieved)/studing/nti/sdk/sdk_win_64/winavr/bin/../lib/gcc/avr/4.3.3/avr5\libgcc.a(_exit.o)
 .data          0x00800060        0x0 f:/documents/educational (archieved)/studing/nti/sdk/sdk_win_64/winavr/bin/../lib/gcc/avr/4.3.3/avr5\libgcc.a(_clear_bss.o)
 .data          0x00800060        0x0 f:/documents/educational (archieved)/studing/nti/sdk/sdk_win_64/winavr/bin/../lib/gcc/avr/4.3.3/avr5\libgcc.a(_fixunssfsi.o)
 .data          0x00800060        0x0 f:/documents/educational (archieved)/studing/nti/sdk/sdk_win_64/winavr/bin/../lib/gcc/avr/4.3.3/avr5\libgcc.a(_addsub_sf.o)
 .data          0x00800060        0x0 f:/documents/educational (archieved)/studing/nti/sdk/sdk_win_64/winavr/bin/../lib/gcc/avr/4.3.3/avr5\libgcc.a(_mul_sf.o)
 .data          0x00800060        0x0 f:/documents/educational (archieved)/studing/nti/sdk/sdk_win_64/winavr/bin/../lib/gcc/avr/4.3.3/avr5\libgcc.a(_gt_sf.o)
 .data          0x00800060        0x0 f:/documents/educational (archieved)/studing/nti/sdk/sdk_win_64/winavr/bin/../lib/gcc/avr/4.3.3/avr5\libgcc.a(_ge_sf.o)
 .data          0x00800060        0x0 f:/documents/educational (archieved)/studing/nti/sdk/sdk_win_64/winavr/bin/../lib/gcc/avr/4.3.3/avr5\libgcc.a(_lt_sf.o)
 .data          0x00800060        0x0 f:/documents/educational (archieved)/studing/nti/sdk/sdk_win_64/winavr/bin/../lib/gcc/avr/4.3.3/avr5\libgcc.a(_sf_to_si.o)
 .data          0x00800060        0x8 f:/documents/educational (archieved)/studing/nti/sdk/sdk_win_64/winavr/bin/../lib/gcc/avr/4.3.3/avr5\libgcc.a(_thenan_sf.o)
                0x00800060                __thenan_sf
 .data          0x00800068        0x0 f:/documents/educational (archieved)/studing/nti/sdk/sdk_win_64/winavr/bin/../lib/gcc/avr/4.3.3/avr5\libgcc.a(_prologue.o)
 .data          0x00800068        0x0 f:/documents/educational (archieved)/studing/nti/sdk/sdk_win_64/winavr/bin/../lib/gcc/avr/4.3.3/avr5\libgcc.a(_epilogue.o)
 .data          0x00800068        0x0 f:/documents/educational (archieved)/studing/nti/sdk/sdk_win_64/winavr/bin/../lib/gcc/avr/4.3.3/avr5\libgcc.a(_copy_data.o)
 .data          0x00800068        0x0 f:/documents/educational (archieved)/studing/nti/sdk/sdk_win_64/winavr/bin/../lib/gcc/avr/4.3.3/avr5\libgcc.a(_pack_sf.o)
 .data          0x00800068        0x0 f:/documents/educational (archieved)/studing/nti/sdk/sdk_win_64/winavr/bin/../lib/gcc/avr/4.3.3/avr5\libgcc.a(_unpack_sf.o)
 .data          0x00800068        0x0 f:/documents/educational (archieved)/studing/nti/sdk/sdk_win_64/winavr/bin/../lib/gcc/avr/4.3.3/avr5\libgcc.a(_fpcmp_parts_sf.o)
 *(.data*)
 *(.rodata)
 *(.rodata*)
 *(.gnu.linkonce.d*)
                0x00800068                . = ALIGN (0x2)
                0x00800068                _edata = .
                0x00800068                PROVIDE (__data_end, .)

.bss            0x00800068       0x16
                0x00800068                PROVIDE (__bss_start, .)
 *(.bss)
 .bss           0x00800068        0x0 f:/documents/educational (archieved)/studing/nti/sdk/sdk_win_64/winavr/bin/../lib/gcc/avr/4.3.3/../../../../avr/lib/avr5/crtm16.o
 .bss           0x00800068        0x0 ./DIO_program.o
 .bss           0x00800068        0x0 ./SERVO_program.o
 .bss           0x00800068        0x0 ./SPI_program.o
 .bss           0x00800068        0x0 ./TIM0_program.o
 .bss           0x00800068        0x0 ./TIM1_program.o
 .bss           0x00800068        0x0 ./main.o
 .bss           0x00800068        0x0 f:/documents/educational (archieved)/studing/nti/sdk/sdk_win_64/winavr/bin/../lib/gcc/avr/4.3.3/avr5\libgcc.a(_exit.o)
 .bss           0x00800068        0x0 f:/documents/educational (archieved)/studing/nti/sdk/sdk_win_64/winavr/bin/../lib/gcc/avr/4.3.3/avr5\libgcc.a(_clear_bss.o)
 .bss           0x00800068        0x0 f:/documents/educational (archieved)/studing/nti/sdk/sdk_win_64/winavr/bin/../lib/gcc/avr/4.3.3/avr5\libgcc.a(_fixunssfsi.o)
 .bss           0x00800068        0x0 f:/documents/educational (archieved)/studing/nti/sdk/sdk_win_64/winavr/bin/../lib/gcc/avr/4.3.3/avr5\libgcc.a(_addsub_sf.o)
 .bss           0x00800068        0x0 f:/documents/educational (archieved)/studing/nti/sdk/sdk_win_64/winavr/bin/../lib/gcc/avr/4.3.3/avr5\libgcc.a(_mul_sf.o)
 .bss           0x00800068        0x0 f:/documents/educational (archieved)/studing/nti/sdk/sdk_win_64/winavr/bin/../lib/gcc/avr/4.3.3/avr5\libgcc.a(_gt_sf.o)
 .bss           0x00800068        0x0 f:/documents/educational (archieved)/studing/nti/sdk/sdk_win_64/winavr/bin/../lib/gcc/avr/4.3.3/avr5\libgcc.a(_ge_sf.o)
 .bss           0x00800068        0x0 f:/documents/educational (archieved)/studing/nti/sdk/sdk_win_64/winavr/bin/../lib/gcc/avr/4.3.3/avr5\libgcc.a(_lt_sf.o)
 .bss           0x00800068        0x0 f:/documents/educational (archieved)/studing/nti/sdk/sdk_win_64/winavr/bin/../lib/gcc/avr/4.3.3/avr5\libgcc.a(_sf_to_si.o)
 .bss           0x00800068        0x0 f:/documents/educational (archieved)/studing/nti/sdk/sdk_win_64/winavr/bin/../lib/gcc/avr/4.3.3/avr5\libgcc.a(_thenan_sf.o)
 .bss           0x00800068        0x0 f:/documents/educational (archieved)/studing/nti/sdk/sdk_win_64/winavr/bin/../lib/gcc/avr/4.3.3/avr5\libgcc.a(_prologue.o)
 .bss           0x00800068        0x0 f:/documents/educational (archieved)/studing/nti/sdk/sdk_win_64/winavr/bin/../lib/gcc/avr/4.3.3/avr5\libgcc.a(_epilogue.o)
 .bss           0x00800068        0x0 f:/documents/educational (archieved)/studing/nti/sdk/sdk_win_64/winavr/bin/../lib/gcc/avr/4.3.3/avr5\libgcc.a(_copy_data.o)
 .bss           0x00800068        0x0 f:/documents/educational (archieved)/studing/nti/sdk/sdk_win_64/winavr/bin/../lib/gcc/avr/4.3.3/avr5\libgcc.a(_pack_sf.o)
 .bss           0x00800068        0x0 f:/documents/educational (archieved)/studing/nti/sdk/sdk_win_64/winavr/bin/../lib/gcc/avr/4.3.3/avr5\libgcc.a(_unpack_sf.o)
 .bss           0x00800068        0x0 f:/documents/educational (archieved)/studing/nti/sdk/sdk_win_64/winavr/bin/../lib/gcc/avr/4.3.3/avr5\libgcc.a(_fpcmp_parts_sf.o)
 *(.bss*)
 *(COMMON)
 COMMON         0x00800068        0x4 ./TIM0_program.o
                0x00800068                TIM0_COMP_ISR
                0x0080006a                TIM0_OVF_ISR
 COMMON         0x0080006c        0x8 ./TIM1_program.o
                0x0080006c                TIM1_COMPB_ISR
                0x0080006e                TIM1_OVF_ISR
                0x00800070                TIM1_COMPA_ISR
                0x00800072                TIM1_CAPT_ISR
 COMMON         0x00800074        0xa ./main.o
                0x00800074                Speed
                0x00800075                C_State
                0x00800076                Sorvo_C
                0x00800077                D_State
                0x00800078                Sorvo_A
                0x00800079                Sorvo_B
                0x0080007a                Door
                0x0080007b                Instruction
                0x0080007c                Sorvo_D
                0x0080007d                MotorDirection
                0x0080007e                PROVIDE (__bss_end, .)
                0x00002cb8                __data_load_start = LOADADDR (.data)
                0x00002cc0                __data_load_end = (__data_load_start + SIZEOF (.data))

.noinit         0x0080007e        0x0
                0x0080007e                PROVIDE (__noinit_start, .)
 *(.noinit*)
                0x0080007e                PROVIDE (__noinit_end, .)
                0x0080007e                _end = .
                0x0080007e                PROVIDE (__heap_start, .)

.eeprom         0x00810000        0x0
 *(.eeprom*)
                0x00810000                __eeprom_end = .

.fuse
 *(.fuse)
 *(.lfuse)
 *(.hfuse)
 *(.efuse)

.lock
 *(.lock*)

.signature
 *(.signature*)

.stab           0x00000000     0x2628
 *(.stab)
 .stab          0x00000000      0x78c ./DIO_program.o
 .stab          0x0000078c      0x1b0 ./SERVO_program.o
                                0x294 (size before relaxing)
 .stab          0x0000093c      0x504 ./SPI_program.o
                                0x5e8 (size before relaxing)
 .stab          0x00000e40      0x75c ./TIM0_program.o
                                0x7d4 (size before relaxing)
 .stab          0x0000159c      0xcfc ./TIM1_program.o
                                0xd74 (size before relaxing)
 .stab          0x00002298      0x390 ./main.o
                                0x5f4 (size before relaxing)

.stabstr        0x00000000     0x14e8
 *(.stabstr)
 .stabstr       0x00000000     0x14e8 ./DIO_program.o

.stab.excl
 *(.stab.excl)

.stab.exclstr
 *(.stab.exclstr)

.stab.index
 *(.stab.index)

.stab.indexstr
 *(.stab.indexstr)

.comment
 *(.comment)

.debug
 *(.debug)

.line
 *(.line)

.debug_srcinfo
 *(.debug_srcinfo)

.debug_sfnames
 *(.debug_sfnames)

.debug_aranges  0x00000000      0x140
 *(.debug_aranges)
 .debug_aranges
                0x00000000       0x20 f:/documents/educational (archieved)/studing/nti/sdk/sdk_win_64/winavr/bin/../lib/gcc/avr/4.3.3/avr5\libgcc.a(_fixunssfsi.o)
 .debug_aranges
                0x00000020       0x20 f:/documents/educational (archieved)/studing/nti/sdk/sdk_win_64/winavr/bin/../lib/gcc/avr/4.3.3/avr5\libgcc.a(_addsub_sf.o)
 .debug_aranges
                0x00000040       0x20 f:/documents/educational (archieved)/studing/nti/sdk/sdk_win_64/winavr/bin/../lib/gcc/avr/4.3.3/avr5\libgcc.a(_mul_sf.o)
 .debug_aranges
                0x00000060       0x20 f:/documents/educational (archieved)/studing/nti/sdk/sdk_win_64/winavr/bin/../lib/gcc/avr/4.3.3/avr5\libgcc.a(_gt_sf.o)
 .debug_aranges
                0x00000080       0x20 f:/documents/educational (archieved)/studing/nti/sdk/sdk_win_64/winavr/bin/../lib/gcc/avr/4.3.3/avr5\libgcc.a(_ge_sf.o)
 .debug_aranges
                0x000000a0       0x20 f:/documents/educational (archieved)/studing/nti/sdk/sdk_win_64/winavr/bin/../lib/gcc/avr/4.3.3/avr5\libgcc.a(_lt_sf.o)
 .debug_aranges
                0x000000c0       0x20 f:/documents/educational (archieved)/studing/nti/sdk/sdk_win_64/winavr/bin/../lib/gcc/avr/4.3.3/avr5\libgcc.a(_sf_to_si.o)
 .debug_aranges
                0x000000e0       0x20 f:/documents/educational (archieved)/studing/nti/sdk/sdk_win_64/winavr/bin/../lib/gcc/avr/4.3.3/avr5\libgcc.a(_pack_sf.o)
 .debug_aranges
                0x00000100       0x20 f:/documents/educational (archieved)/studing/nti/sdk/sdk_win_64/winavr/bin/../lib/gcc/avr/4.3.3/avr5\libgcc.a(_unpack_sf.o)
 .debug_aranges
                0x00000120       0x20 f:/documents/educational (archieved)/studing/nti/sdk/sdk_win_64/winavr/bin/../lib/gcc/avr/4.3.3/avr5\libgcc.a(_fpcmp_parts_sf.o)

.debug_pubnames
                0x00000000      0x170
 *(.debug_pubnames)
 .debug_pubnames
                0x00000000       0x23 f:/documents/educational (archieved)/studing/nti/sdk/sdk_win_64/winavr/bin/../lib/gcc/avr/4.3.3/avr5\libgcc.a(_fixunssfsi.o)
 .debug_pubnames
                0x00000023       0x2c f:/documents/educational (archieved)/studing/nti/sdk/sdk_win_64/winavr/bin/../lib/gcc/avr/4.3.3/avr5\libgcc.a(_addsub_sf.o)
 .debug_pubnames
                0x0000004f       0x1f f:/documents/educational (archieved)/studing/nti/sdk/sdk_win_64/winavr/bin/../lib/gcc/avr/4.3.3/avr5\libgcc.a(_mul_sf.o)
 .debug_pubnames
                0x0000006e       0x1e f:/documents/educational (archieved)/studing/nti/sdk/sdk_win_64/winavr/bin/../lib/gcc/avr/4.3.3/avr5\libgcc.a(_gt_sf.o)
 .debug_pubnames
                0x0000008c       0x1e f:/documents/educational (archieved)/studing/nti/sdk/sdk_win_64/winavr/bin/../lib/gcc/avr/4.3.3/avr5\libgcc.a(_ge_sf.o)
 .debug_pubnames
                0x000000aa       0x1e f:/documents/educational (archieved)/studing/nti/sdk/sdk_win_64/winavr/bin/../lib/gcc/avr/4.3.3/avr5\libgcc.a(_lt_sf.o)
 .debug_pubnames
                0x000000c8       0x20 f:/documents/educational (archieved)/studing/nti/sdk/sdk_win_64/winavr/bin/../lib/gcc/avr/4.3.3/avr5\libgcc.a(_sf_to_si.o)
 .debug_pubnames
                0x000000e8       0x22 f:/documents/educational (archieved)/studing/nti/sdk/sdk_win_64/winavr/bin/../lib/gcc/avr/4.3.3/avr5\libgcc.a(_thenan_sf.o)
 .debug_pubnames
                0x0000010a       0x1f f:/documents/educational (archieved)/studing/nti/sdk/sdk_win_64/winavr/bin/../lib/gcc/avr/4.3.3/avr5\libgcc.a(_pack_sf.o)
 .debug_pubnames
                0x00000129       0x21 f:/documents/educational (archieved)/studing/nti/sdk/sdk_win_64/winavr/bin/../lib/gcc/avr/4.3.3/avr5\libgcc.a(_unpack_sf.o)
 .debug_pubnames
                0x0000014a       0x26 f:/documents/educational (archieved)/studing/nti/sdk/sdk_win_64/winavr/bin/../lib/gcc/avr/4.3.3/avr5\libgcc.a(_fpcmp_parts_sf.o)

.debug_info     0x00000000     0x1c49
 *(.debug_info)
 .debug_info    0x00000000       0xb1 f:/documents/educational (archieved)/studing/nti/sdk/sdk_win_64/winavr/bin/../lib/gcc/avr/4.3.3/avr5\libgcc.a(_fixunssfsi.o)
 .debug_info    0x000000b1      0x47a f:/documents/educational (archieved)/studing/nti/sdk/sdk_win_64/winavr/bin/../lib/gcc/avr/4.3.3/avr5\libgcc.a(_addsub_sf.o)
 .debug_info    0x0000052b      0x485 f:/documents/educational (archieved)/studing/nti/sdk/sdk_win_64/winavr/bin/../lib/gcc/avr/4.3.3/avr5\libgcc.a(_mul_sf.o)
 .debug_info    0x000009b0      0x27f f:/documents/educational (archieved)/studing/nti/sdk/sdk_win_64/winavr/bin/../lib/gcc/avr/4.3.3/avr5\libgcc.a(_gt_sf.o)
 .debug_info    0x00000c2f      0x27f f:/documents/educational (archieved)/studing/nti/sdk/sdk_win_64/winavr/bin/../lib/gcc/avr/4.3.3/avr5\libgcc.a(_ge_sf.o)
 .debug_info    0x00000eae      0x27f f:/documents/educational (archieved)/studing/nti/sdk/sdk_win_64/winavr/bin/../lib/gcc/avr/4.3.3/avr5\libgcc.a(_lt_sf.o)
 .debug_info    0x0000112d      0x2b0 f:/documents/educational (archieved)/studing/nti/sdk/sdk_win_64/winavr/bin/../lib/gcc/avr/4.3.3/avr5\libgcc.a(_sf_to_si.o)
 .debug_info    0x000013dd      0x12c f:/documents/educational (archieved)/studing/nti/sdk/sdk_win_64/winavr/bin/../lib/gcc/avr/4.3.3/avr5\libgcc.a(_thenan_sf.o)
 .debug_info    0x00001509      0x2df f:/documents/educational (archieved)/studing/nti/sdk/sdk_win_64/winavr/bin/../lib/gcc/avr/4.3.3/avr5\libgcc.a(_pack_sf.o)
 .debug_info    0x000017e8      0x251 f:/documents/educational (archieved)/studing/nti/sdk/sdk_win_64/winavr/bin/../lib/gcc/avr/4.3.3/avr5\libgcc.a(_unpack_sf.o)
 .debug_info    0x00001a39      0x210 f:/documents/educational (archieved)/studing/nti/sdk/sdk_win_64/winavr/bin/../lib/gcc/avr/4.3.3/avr5\libgcc.a(_fpcmp_parts_sf.o)
 *(.gnu.linkonce.wi.*)

.debug_abbrev   0x00000000      0xeeb
 *(.debug_abbrev)
 .debug_abbrev  0x00000000       0x5d f:/documents/educational (archieved)/studing/nti/sdk/sdk_win_64/winavr/bin/../lib/gcc/avr/4.3.3/avr5\libgcc.a(_fixunssfsi.o)
 .debug_abbrev  0x0000005d      0x1ea f:/documents/educational (archieved)/studing/nti/sdk/sdk_win_64/winavr/bin/../lib/gcc/avr/4.3.3/avr5\libgcc.a(_addsub_sf.o)
 .debug_abbrev  0x00000247      0x21b f:/documents/educational (archieved)/studing/nti/sdk/sdk_win_64/winavr/bin/../lib/gcc/avr/4.3.3/avr5\libgcc.a(_mul_sf.o)
 .debug_abbrev  0x00000462      0x15a f:/documents/educational (archieved)/studing/nti/sdk/sdk_win_64/winavr/bin/../lib/gcc/avr/4.3.3/avr5\libgcc.a(_gt_sf.o)
 .debug_abbrev  0x000005bc      0x15a f:/documents/educational (archieved)/studing/nti/sdk/sdk_win_64/winavr/bin/../lib/gcc/avr/4.3.3/avr5\libgcc.a(_ge_sf.o)
 .debug_abbrev  0x00000716      0x15a f:/documents/educational (archieved)/studing/nti/sdk/sdk_win_64/winavr/bin/../lib/gcc/avr/4.3.3/avr5\libgcc.a(_lt_sf.o)
 .debug_abbrev  0x00000870      0x17f f:/documents/educational (archieved)/studing/nti/sdk/sdk_win_64/winavr/bin/../lib/gcc/avr/4.3.3/avr5\libgcc.a(_sf_to_si.o)
 .debug_abbrev  0x000009ef       0xad f:/documents/educational (archieved)/studing/nti/sdk/sdk_win_64/winavr/bin/../lib/gcc/avr/4.3.3/avr5\libgcc.a(_thenan_sf.o)
 .debug_abbrev  0x00000a9c      0x1c0 f:/documents/educational (archieved)/studing/nti/sdk/sdk_win_64/winavr/bin/../lib/gcc/avr/4.3.3/avr5\libgcc.a(_pack_sf.o)
 .debug_abbrev  0x00000c5c      0x154 f:/documents/educational (archieved)/studing/nti/sdk/sdk_win_64/winavr/bin/../lib/gcc/avr/4.3.3/avr5\libgcc.a(_unpack_sf.o)
 .debug_abbrev  0x00000db0      0x13b f:/documents/educational (archieved)/studing/nti/sdk/sdk_win_64/winavr/bin/../lib/gcc/avr/4.3.3/avr5\libgcc.a(_fpcmp_parts_sf.o)

.debug_line     0x00000000      0xdad
 *(.debug_line)
 .debug_line    0x00000000       0xa7 f:/documents/educational (archieved)/studing/nti/sdk/sdk_win_64/winavr/bin/../lib/gcc/avr/4.3.3/avr5\libgcc.a(_fixunssfsi.o)
 .debug_line    0x000000a7      0x2af f:/documents/educational (archieved)/studing/nti/sdk/sdk_win_64/winavr/bin/../lib/gcc/avr/4.3.3/avr5\libgcc.a(_addsub_sf.o)
 .debug_line    0x00000356      0x239 f:/documents/educational (archieved)/studing/nti/sdk/sdk_win_64/winavr/bin/../lib/gcc/avr/4.3.3/avr5\libgcc.a(_mul_sf.o)
 .debug_line    0x0000058f       0xd3 f:/documents/educational (archieved)/studing/nti/sdk/sdk_win_64/winavr/bin/../lib/gcc/avr/4.3.3/avr5\libgcc.a(_gt_sf.o)
 .debug_line    0x00000662       0xd3 f:/documents/educational (archieved)/studing/nti/sdk/sdk_win_64/winavr/bin/../lib/gcc/avr/4.3.3/avr5\libgcc.a(_ge_sf.o)
 .debug_line    0x00000735       0xd3 f:/documents/educational (archieved)/studing/nti/sdk/sdk_win_64/winavr/bin/../lib/gcc/avr/4.3.3/avr5\libgcc.a(_lt_sf.o)
 .debug_line    0x00000808      0x109 f:/documents/educational (archieved)/studing/nti/sdk/sdk_win_64/winavr/bin/../lib/gcc/avr/4.3.3/avr5\libgcc.a(_sf_to_si.o)
 .debug_line    0x00000911       0x90 f:/documents/educational (archieved)/studing/nti/sdk/sdk_win_64/winavr/bin/../lib/gcc/avr/4.3.3/avr5\libgcc.a(_thenan_sf.o)
 .debug_line    0x000009a1      0x18a f:/documents/educational (archieved)/studing/nti/sdk/sdk_win_64/winavr/bin/../lib/gcc/avr/4.3.3/avr5\libgcc.a(_pack_sf.o)
 .debug_line    0x00000b2b      0x14b f:/documents/educational (archieved)/studing/nti/sdk/sdk_win_64/winavr/bin/../lib/gcc/avr/4.3.3/avr5\libgcc.a(_unpack_sf.o)
 .debug_line    0x00000c76      0x137 f:/documents/educational (archieved)/studing/nti/sdk/sdk_win_64/winavr/bin/../lib/gcc/avr/4.3.3/avr5\libgcc.a(_fpcmp_parts_sf.o)

.debug_frame    0x00000000      0x160
 *(.debug_frame)
 .debug_frame   0x00000000       0x20 f:/documents/educational (archieved)/studing/nti/sdk/sdk_win_64/winavr/bin/../lib/gcc/avr/4.3.3/avr5\libgcc.a(_fixunssfsi.o)
 .debug_frame   0x00000020       0x40 f:/documents/educational (archieved)/studing/nti/sdk/sdk_win_64/winavr/bin/../lib/gcc/avr/4.3.3/avr5\libgcc.a(_addsub_sf.o)
 .debug_frame   0x00000060       0x20 f:/documents/educational (archieved)/studing/nti/sdk/sdk_win_64/winavr/bin/../lib/gcc/avr/4.3.3/avr5\libgcc.a(_mul_sf.o)
 .debug_frame   0x00000080       0x20 f:/documents/educational (archieved)/studing/nti/sdk/sdk_win_64/winavr/bin/../lib/gcc/avr/4.3.3/avr5\libgcc.a(_gt_sf.o)
 .debug_frame   0x000000a0       0x20 f:/documents/educational (archieved)/studing/nti/sdk/sdk_win_64/winavr/bin/../lib/gcc/avr/4.3.3/avr5\libgcc.a(_ge_sf.o)
 .debug_frame   0x000000c0       0x20 f:/documents/educational (archieved)/studing/nti/sdk/sdk_win_64/winavr/bin/../lib/gcc/avr/4.3.3/avr5\libgcc.a(_lt_sf.o)
 .debug_frame   0x000000e0       0x20 f:/documents/educational (archieved)/studing/nti/sdk/sdk_win_64/winavr/bin/../lib/gcc/avr/4.3.3/avr5\libgcc.a(_sf_to_si.o)
 .debug_frame   0x00000100       0x20 f:/documents/educational (archieved)/studing/nti/sdk/sdk_win_64/winavr/bin/../lib/gcc/avr/4.3.3/avr5\libgcc.a(_pack_sf.o)
 .debug_frame   0x00000120       0x20 f:/documents/educational (archieved)/studing/nti/sdk/sdk_win_64/winavr/bin/../lib/gcc/avr/4.3.3/avr5\libgcc.a(_unpack_sf.o)
 .debug_frame   0x00000140       0x20 f:/documents/educational (archieved)/studing/nti/sdk/sdk_win_64/winavr/bin/../lib/gcc/avr/4.3.3/avr5\libgcc.a(_fpcmp_parts_sf.o)

.debug_str      0x00000000      0x28d
 *(.debug_str)
 .debug_str     0x00000000       0xbf f:/documents/educational (archieved)/studing/nti/sdk/sdk_win_64/winavr/bin/../lib/gcc/avr/4.3.3/avr5\libgcc.a(_fixunssfsi.o)
                                 0xfe (size before relaxing)
 .debug_str     0x000000bf      0x14d f:/documents/educational (archieved)/studing/nti/sdk/sdk_win_64/winavr/bin/../lib/gcc/avr/4.3.3/avr5\libgcc.a(_addsub_sf.o)
                                0x206 (size before relaxing)
 .debug_str     0x0000020c       0x27 f:/documents/educational (archieved)/studing/nti/sdk/sdk_win_64/winavr/bin/../lib/gcc/avr/4.3.3/avr5\libgcc.a(_mul_sf.o)
                                0x1bf (size before relaxing)
 .debug_str     0x00000233        0xf f:/documents/educational (archieved)/studing/nti/sdk/sdk_win_64/winavr/bin/../lib/gcc/avr/4.3.3/avr5\libgcc.a(_gt_sf.o)
                                0x195 (size before relaxing)
 .debug_str     0x00000242        0x8 f:/documents/educational (archieved)/studing/nti/sdk/sdk_win_64/winavr/bin/../lib/gcc/avr/4.3.3/avr5\libgcc.a(_ge_sf.o)
                                0x195 (size before relaxing)
 .debug_str     0x0000024a        0x8 f:/documents/educational (archieved)/studing/nti/sdk/sdk_win_64/winavr/bin/../lib/gcc/avr/4.3.3/avr5\libgcc.a(_lt_sf.o)
                                0x195 (size before relaxing)
 .debug_str     0x00000252        0xa f:/documents/educational (archieved)/studing/nti/sdk/sdk_win_64/winavr/bin/../lib/gcc/avr/4.3.3/avr5\libgcc.a(_sf_to_si.o)
                                0x19e (size before relaxing)
 .debug_str     0x00000000      0x103 f:/documents/educational (archieved)/studing/nti/sdk/sdk_win_64/winavr/bin/../lib/gcc/avr/4.3.3/avr5\libgcc.a(_thenan_sf.o)
 .debug_str     0x0000025c       0x16 f:/documents/educational (archieved)/studing/nti/sdk/sdk_win_64/winavr/bin/../lib/gcc/avr/4.3.3/avr5\libgcc.a(_pack_sf.o)
                                0x19d (size before relaxing)
 .debug_str     0x00000272        0xb f:/documents/educational (archieved)/studing/nti/sdk/sdk_win_64/winavr/bin/../lib/gcc/avr/4.3.3/avr5\libgcc.a(_unpack_sf.o)
                                0x17f (size before relaxing)
 .debug_str     0x0000027d       0x10 f:/documents/educational (archieved)/studing/nti/sdk/sdk_win_64/winavr/bin/../lib/gcc/avr/4.3.3/avr5\libgcc.a(_fpcmp_parts_sf.o)
                                0x163 (size before relaxing)

.debug_loc      0x00000000      0x7ce
 *(.debug_loc)
 .debug_loc     0x00000000       0x34 f:/documents/educational (archieved)/studing/nti/sdk/sdk_win_64/winavr/bin/../lib/gcc/avr/4.3.3/avr5\libgcc.a(_fixunssfsi.o)
 .debug_loc     0x00000034      0x32a f:/documents/educational (archieved)/studing/nti/sdk/sdk_win_64/winavr/bin/../lib/gcc/avr/4.3.3/avr5\libgcc.a(_addsub_sf.o)
 .debug_loc     0x0000035e      0x104 f:/documents/educational (archieved)/studing/nti/sdk/sdk_win_64/winavr/bin/../lib/gcc/avr/4.3.3/avr5\libgcc.a(_mul_sf.o)
 .debug_loc     0x00000462       0x3c f:/documents/educational (archieved)/studing/nti/sdk/sdk_win_64/winavr/bin/../lib/gcc/avr/4.3.3/avr5\libgcc.a(_gt_sf.o)
 .debug_loc     0x0000049e       0x3c f:/documents/educational (archieved)/studing/nti/sdk/sdk_win_64/winavr/bin/../lib/gcc/avr/4.3.3/avr5\libgcc.a(_ge_sf.o)
 .debug_loc     0x000004da       0x3c f:/documents/educational (archieved)/studing/nti/sdk/sdk_win_64/winavr/bin/../lib/gcc/avr/4.3.3/avr5\libgcc.a(_lt_sf.o)
 .debug_loc     0x00000516       0x7e f:/documents/educational (archieved)/studing/nti/sdk/sdk_win_64/winavr/bin/../lib/gcc/avr/4.3.3/avr5\libgcc.a(_sf_to_si.o)
 .debug_loc     0x00000594      0x13e f:/documents/educational (archieved)/studing/nti/sdk/sdk_win_64/winavr/bin/../lib/gcc/avr/4.3.3/avr5\libgcc.a(_pack_sf.o)
 .debug_loc     0x000006d2       0xac f:/documents/educational (archieved)/studing/nti/sdk/sdk_win_64/winavr/bin/../lib/gcc/avr/4.3.3/avr5\libgcc.a(_unpack_sf.o)
 .debug_loc     0x0000077e       0x50 f:/documents/educational (archieved)/studing/nti/sdk/sdk_win_64/winavr/bin/../lib/gcc/avr/4.3.3/avr5\libgcc.a(_fpcmp_parts_sf.o)

.debug_macinfo
 *(.debug_macinfo)
OUTPUT(Slave_2_Driver.elf elf32-avr)
LOAD linker stubs

.debug_ranges   0x00000000       0x50
 .debug_ranges  0x00000000       0x50 f:/documents/educational (archieved)/studing/nti/sdk/sdk_win_64/winavr/bin/../lib/gcc/avr/4.3.3/avr5\libgcc.a(_mul_sf.o)
